../Core/Src/main.cpp:91:5:int main()	64	static
../Core/Src/main.cpp:226:19:HAL_StatusTypeDef UART_Send_16bit(UART_HandleTypeDef*, uint16_t)	24	static
../Core/Src/main.cpp:236:6:void SystemClock_Config()	88	static
../Core/Src/main.cpp:280:13:void MX_ADC1_Init()	24	static
../Core/Src/main.cpp:327:13:void MX_ADC2_Init()	24	static
../Core/Src/main.cpp:374:13:void MX_I2C1_Init()	8	static
../Core/Src/main.cpp:408:13:void MX_SPI1_Init()	8	static
../Core/Src/main.cpp:446:13:void MX_TIM1_Init()	96	static
../Core/Src/main.cpp:525:13:void MX_USART2_UART_Init()	8	static
../Core/Src/main.cpp:558:13:void MX_USART3_UART_Init()	8	static
../Core/Src/main.cpp:591:13:void MX_GPIO_Init()	48	static
../Core/Src/main.cpp:674:6:void Error_Handler()	4	static,ignoring_inline_asm
