../Core/Src/main.c:80:5:main	16	static
../Core/Src/main.c:136:6:SystemClock_Config	88	static
../Core/Src/main.c:180:13:MX_ADC1_Init	24	static
../Core/Src/main.c:227:13:MX_ADC2_Init	24	static
../Core/Src/main.c:274:13:MX_SPI1_Init	8	static
../Core/Src/main.c:312:13:MX_TIM1_Init	96	static
../Core/Src/main.c:395:13:MX_USART1_UART_Init	8	static
../Core/Src/main.c:428:13:MX_USART2_UART_Init	8	static
../Core/Src/main.c:461:13:MX_USART3_UART_Init	8	static
../Core/Src/main.c:494:13:MX_GPIO_Init	48	static
../Core/Src/main.c:563:6:Error_Handler	4	static,ignoring_inline_asm
