../Core/Src/main.cpp:85:5:int main()	16	static
../Core/Src/main.cpp:147:6:void SystemClock_Config()	88	static
../Core/Src/main.cpp:191:13:void MX_ADC1_Init()	24	static
../Core/Src/main.cpp:238:13:void MX_ADC2_Init()	24	static
../Core/Src/main.cpp:285:13:void MX_I2C1_Init()	8	static
../Core/Src/main.cpp:319:13:void MX_SPI1_Init()	8	static
../Core/Src/main.cpp:357:13:void MX_TIM1_Init()	96	static
../Core/Src/main.cpp:440:13:void MX_USART1_UART_Init()	8	static
../Core/Src/main.cpp:473:13:void MX_USART2_UART_Init()	8	static
../Core/Src/main.cpp:506:13:void MX_USART3_UART_Init()	8	static
../Core/Src/main.cpp:539:13:void MX_GPIO_Init()	48	static
../Core/Src/main.cpp:608:6:void Error_Handler()	4	static,ignoring_inline_asm
