../Core/Src/main.cpp:87:5:int main()	24	static
../Core/Src/main.cpp:173:6:void SystemClock_Config()	88	static
../Core/Src/main.cpp:217:13:void MX_ADC1_Init()	24	static
../Core/Src/main.cpp:264:13:void MX_ADC2_Init()	24	static
../Core/Src/main.cpp:311:13:void MX_I2C1_Init()	8	static
../Core/Src/main.cpp:345:13:void MX_SPI1_Init()	8	static
../Core/Src/main.cpp:383:13:void MX_TIM1_Init()	96	static
../Core/Src/main.cpp:462:13:void MX_USART2_UART_Init()	8	static
../Core/Src/main.cpp:495:13:void MX_USART3_UART_Init()	8	static
../Core/Src/main.cpp:528:13:void MX_GPIO_Init()	48	static
../Core/Src/main.cpp:611:6:void Error_Handler()	4	static,ignoring_inline_asm
