../Core/Src/main.cpp:91:5:int main()	80	static
../Core/Src/main.cpp:379:6:void SystemClock_Config()	88	static
../Core/Src/main.cpp:423:13:void MX_ADC2_Init()	24	static
../Core/Src/main.cpp:470:13:void MX_SPI1_Init()	8	static
../Core/Src/main.cpp:508:13:void MX_TIM1_Init()	96	static
../Core/Src/main.cpp:587:13:void MX_USART2_UART_Init()	8	static
../Core/Src/main.cpp:620:13:void MX_USART3_UART_Init()	8	static
../Core/Src/main.cpp:653:13:void MX_GPIO_Init()	40	static
../Core/Src/main.cpp:704:19:HAL_StatusTypeDef UART_Send_16bit(UART_HandleTypeDef*, uint16_t)	24	static
../Core/Src/main.cpp:715:6:void Error_Handler()	4	static,ignoring_inline_asm
