../Core/Src/main.cpp:99:5:int main()	128	static
../Core/Src/main.cpp:380:6:void SystemClock_Config()	88	static
../Core/Src/main.cpp:424:13:void MX_ADC1_Init()	24	static
../Core/Src/main.cpp:471:13:void MX_ADC2_Init()	24	static
../Core/Src/main.cpp:537:13:void MX_SPI1_Init()	8	static
../Core/Src/main.cpp:575:13:void MX_SPI2_Init()	8	static
../Core/Src/main.cpp:613:13:void MX_TIM1_Init()	96	static
../Core/Src/main.cpp:696:13:void MX_USART2_UART_Init()	8	static
../Core/Src/main.cpp:729:13:void MX_USART3_UART_Init()	8	static
../Core/Src/main.cpp:762:13:void MX_GPIO_Init()	40	static
../Core/Src/main.cpp:806:19:HAL_StatusTypeDef UART_Send_16bit(UART_HandleTypeDef*, uint16_t)	24	static
../Core/Src/main.cpp:817:6:void Error_Handler()	4	static,ignoring_inline_asm
