../Core/Src/main.cpp:92:5:int main()	80	static
../Core/Src/main.cpp:449:6:void SystemClock_Config()	88	static
../Core/Src/main.cpp:493:13:void MX_ADC2_Init()	24	static
../Core/Src/main.cpp:559:13:void MX_SPI1_Init()	8	static
../Core/Src/main.cpp:597:13:void MX_TIM1_Init()	96	static
../Core/Src/main.cpp:676:13:void MX_USART2_UART_Init()	8	static
../Core/Src/main.cpp:709:13:void MX_USART3_UART_Init()	8	static
../Core/Src/main.cpp:742:13:void MX_GPIO_Init()	40	static
../Core/Src/main.cpp:793:19:HAL_StatusTypeDef UART_Send_16bit(UART_HandleTypeDef*, uint16_t)	24	static
../Core/Src/main.cpp:804:6:void Error_Handler()	4	static,ignoring_inline_asm
