../Core/Src/main.cpp:91:5:int main()	64	static
../Core/Src/main.cpp:228:19:HAL_StatusTypeDef UART_Send_16bit(UART_HandleTypeDef*, uint16_t)	24	static
../Core/Src/main.cpp:238:6:void SystemClock_Config()	88	static
../Core/Src/main.cpp:282:13:void MX_ADC1_Init()	24	static
../Core/Src/main.cpp:329:13:void MX_ADC2_Init()	24	static
../Core/Src/main.cpp:376:13:void MX_I2C1_Init()	8	static
../Core/Src/main.cpp:410:13:void MX_SPI1_Init()	8	static
../Core/Src/main.cpp:448:13:void MX_TIM1_Init()	96	static
../Core/Src/main.cpp:527:13:void MX_USART2_UART_Init()	8	static
../Core/Src/main.cpp:560:13:void MX_USART3_UART_Init()	8	static
../Core/Src/main.cpp:593:13:void MX_GPIO_Init()	48	static
../Core/Src/main.cpp:676:6:void Error_Handler()	4	static,ignoring_inline_asm
