../Core/Src/main.cpp:99:5:int main()	120	static
../Core/Src/main.cpp:356:6:void SystemClock_Config()	88	static
../Core/Src/main.cpp:400:13:void MX_ADC1_Init()	24	static
../Core/Src/main.cpp:447:13:void MX_ADC2_Init()	24	static
../Core/Src/main.cpp:513:13:void MX_SPI1_Init()	8	static
../Core/Src/main.cpp:551:13:void MX_SPI2_Init()	8	static
../Core/Src/main.cpp:589:13:void MX_TIM1_Init()	96	static
../Core/Src/main.cpp:672:13:void MX_USART2_UART_Init()	8	static
../Core/Src/main.cpp:705:13:void MX_USART3_UART_Init()	8	static
../Core/Src/main.cpp:738:13:void MX_GPIO_Init()	40	static
../Core/Src/main.cpp:782:19:HAL_StatusTypeDef UART_Send_16bit(UART_HandleTypeDef*, uint16_t)	24	static
../Core/Src/main.cpp:793:6:void Error_Handler()	4	static,ignoring_inline_asm
