../Core/Src/main.c:82:5:main	8	static
../Core/Src/main.c:134:6:SystemClock_Config	120	static
../Core/Src/main.c:185:13:MX_ADC1_Init	32	static
../Core/Src/main.c:242:13:MX_I2C1_Init	8	static
../Core/Src/main.c:290:13:MX_I2C2_Init	8	static
../Core/Src/main.c:338:13:MX_SPI2_Init	8	static
../Core/Src/main.c:378:13:MX_SPI3_Init	8	static
../Core/Src/main.c:418:13:MX_USART1_UART_Init	8	static
../Core/Src/main.c:453:13:MX_USART2_UART_Init	8	static
../Core/Src/main.c:488:13:MX_USART3_UART_Init	8	static
../Core/Src/main.c:523:13:MX_GPIO_Init	48	static
../Core/Src/main.c:559:6:Error_Handler	4	static,ignoring_inline_asm
