Archive member included to satisfy reference by file (symbol)

c:/st/stm32cubeide_1.10.1/stm32cubeide/plugins/com.st.stm32cube.ide.mcu.externaltools.gnu-tools-for-stm32.10.3-2021.10.win32_1.0.0.202111181127/tools/bin/../lib/gcc/arm-none-eabi/10.3.1/../../../../arm-none-eabi/lib/thumb/v7-m/nofp\libstdc++_nano.a(del_ops.o)
                              ./ControlSystem/Src/controlSystem.o (operator delete(void*, unsigned int))
c:/st/stm32cubeide_1.10.1/stm32cubeide/plugins/com.st.stm32cube.ide.mcu.externaltools.gnu-tools-for-stm32.10.3-2021.10.win32_1.0.0.202111181127/tools/bin/../lib/gcc/arm-none-eabi/10.3.1/../../../../arm-none-eabi/lib/thumb/v7-m/nofp\libstdc++_nano.a(new_op.o)
                              ./ControlSystem/Src/controlSystem.o (operator new(unsigned int))
c:/st/stm32cubeide_1.10.1/stm32cubeide/plugins/com.st.stm32cube.ide.mcu.externaltools.gnu-tools-for-stm32.10.3-2021.10.win32_1.0.0.202111181127/tools/bin/../lib/gcc/arm-none-eabi/10.3.1/../../../../arm-none-eabi/lib/thumb/v7-m/nofp\libstdc++_nano.a(functexcept.o)
                              ./ControlSystem/Src/controlSystem.o (std::__throw_bad_alloc())
c:/st/stm32cubeide_1.10.1/stm32cubeide/plugins/com.st.stm32cube.ide.mcu.externaltools.gnu-tools-for-stm32.10.3-2021.10.win32_1.0.0.202111181127/tools/bin/../lib/gcc/arm-none-eabi/10.3.1/../../../../arm-none-eabi/lib/thumb/v7-m/nofp\libstdc++_nano.a(snprintf_lite.o)
                              c:/st/stm32cubeide_1.10.1/stm32cubeide/plugins/com.st.stm32cube.ide.mcu.externaltools.gnu-tools-for-stm32.10.3-2021.10.win32_1.0.0.202111181127/tools/bin/../lib/gcc/arm-none-eabi/10.3.1/../../../../arm-none-eabi/lib/thumb/v7-m/nofp\libstdc++_nano.a(functexcept.o) (__gnu_cxx::__snprintf_lite(char*, unsigned int, char const*, std::__va_list))
c:/st/stm32cubeide_1.10.1/stm32cubeide/plugins/com.st.stm32cube.ide.mcu.externaltools.gnu-tools-for-stm32.10.3-2021.10.win32_1.0.0.202111181127/tools/bin/../lib/gcc/arm-none-eabi/10.3.1/../../../../arm-none-eabi/lib/thumb/v7-m/nofp\libstdc++_nano.a(del_op.o)
                              c:/st/stm32cubeide_1.10.1/stm32cubeide/plugins/com.st.stm32cube.ide.mcu.externaltools.gnu-tools-for-stm32.10.3-2021.10.win32_1.0.0.202111181127/tools/bin/../lib/gcc/arm-none-eabi/10.3.1/../../../../arm-none-eabi/lib/thumb/v7-m/nofp\libstdc++_nano.a(del_ops.o) (operator delete(void*))
c:/st/stm32cubeide_1.10.1/stm32cubeide/plugins/com.st.stm32cube.ide.mcu.externaltools.gnu-tools-for-stm32.10.3-2021.10.win32_1.0.0.202111181127/tools/bin/../lib/gcc/arm-none-eabi/10.3.1/../../../../arm-none-eabi/lib/thumb/v7-m/nofp\libstdc++_nano.a(new_handler.o)
                              c:/st/stm32cubeide_1.10.1/stm32cubeide/plugins/com.st.stm32cube.ide.mcu.externaltools.gnu-tools-for-stm32.10.3-2021.10.win32_1.0.0.202111181127/tools/bin/../lib/gcc/arm-none-eabi/10.3.1/../../../../arm-none-eabi/lib/thumb/v7-m/nofp\libstdc++_nano.a(new_op.o) (std::get_new_handler())
c:/st/stm32cubeide_1.10.1/stm32cubeide/plugins/com.st.stm32cube.ide.mcu.externaltools.gnu-tools-for-stm32.10.3-2021.10.win32_1.0.0.202111181127/tools/bin/../lib/gcc/arm-none-eabi/10.3.1/../../../../arm-none-eabi/lib/thumb/v7-m/nofp\libm.a(lib_a-s_atan.o)
                              ./ControlSystem/Src/controlSystem.o (atan)
c:/st/stm32cubeide_1.10.1/stm32cubeide/plugins/com.st.stm32cube.ide.mcu.externaltools.gnu-tools-for-stm32.10.3-2021.10.win32_1.0.0.202111181127/tools/bin/../lib/gcc/arm-none-eabi/10.3.1/../../../../arm-none-eabi/lib/thumb/v7-m/nofp\libm.a(lib_a-s_fabs.o)
                              c:/st/stm32cubeide_1.10.1/stm32cubeide/plugins/com.st.stm32cube.ide.mcu.externaltools.gnu-tools-for-stm32.10.3-2021.10.win32_1.0.0.202111181127/tools/bin/../lib/gcc/arm-none-eabi/10.3.1/../../../../arm-none-eabi/lib/thumb/v7-m/nofp\libm.a(lib_a-s_atan.o) (fabs)
c:/st/stm32cubeide_1.10.1/stm32cubeide/plugins/com.st.stm32cube.ide.mcu.externaltools.gnu-tools-for-stm32.10.3-2021.10.win32_1.0.0.202111181127/tools/bin/../lib/gcc/arm-none-eabi/10.3.1/../../../../arm-none-eabi/lib/thumb/v7-m/nofp\libc_nano.a(lib_a-abort.o)
                              c:/st/stm32cubeide_1.10.1/stm32cubeide/plugins/com.st.stm32cube.ide.mcu.externaltools.gnu-tools-for-stm32.10.3-2021.10.win32_1.0.0.202111181127/tools/bin/../lib/gcc/arm-none-eabi/10.3.1/../../../../arm-none-eabi/lib/thumb/v7-m/nofp\libstdc++_nano.a(new_op.o) (abort)
c:/st/stm32cubeide_1.10.1/stm32cubeide/plugins/com.st.stm32cube.ide.mcu.externaltools.gnu-tools-for-stm32.10.3-2021.10.win32_1.0.0.202111181127/tools/bin/../lib/gcc/arm-none-eabi/10.3.1/../../../../arm-none-eabi/lib/thumb/v7-m/nofp\libc_nano.a(lib_a-errno.o)
                              ./Core/Src/syscalls.o (__errno)
c:/st/stm32cubeide_1.10.1/stm32cubeide/plugins/com.st.stm32cube.ide.mcu.externaltools.gnu-tools-for-stm32.10.3-2021.10.win32_1.0.0.202111181127/tools/bin/../lib/gcc/arm-none-eabi/10.3.1/../../../../arm-none-eabi/lib/thumb/v7-m/nofp\libc_nano.a(lib_a-exit.o)
[...]
Memory Configuration

Name             Origin             Length             Attributes
RAM              0x0000000020000000 0x0000000000005000 xrw
FLASH            0x0000000008000000 0x0000000000010000 xr
*default*        0x0000000000000000 0xffffffffffffffff

Linker script and memory map

LOAD c:/st/stm32cubeide_1.10.1/stm32cubeide/plugins/com.st.stm32cube.ide.mcu.externaltools.gnu-tools-for-stm32.10.3-2021.10.win32_1.0.0.202111181127/tools/bin/../lib/gcc/arm-none-eabi/10.3.1/thumb/v7-m/nofp/crti.o
LOAD c:/st/stm32cubeide_1.10.1/stm32cubeide/plugins/com.st.stm32cube.ide.mcu.externaltools.gnu-tools-for-stm32.10.3-2021.10.win32_1.0.0.202111181127/tools/bin/../lib/gcc/arm-none-eabi/10.3.1/thumb/v7-m/nofp/crtbegin.o
LOAD c:/st/stm32cubeide_1.10.1/stm32cubeide/plugins/com.st.stm32cube.ide.mcu.externaltools.gnu-tools-for-stm32.10.3-2021.10.win32_1.0.0.202111181127/tools/bin/../lib/gcc/arm-none-eabi/10.3.1/../../../../arm-none-eabi/lib/thumb/v7-m/nofp/crt0.o
LOAD ./ControlSystem/Src/controlSystem.o
LOAD ./Core/Src/main.o
LOAD ./Core/Src/stm32f1xx_hal_msp.o
LOAD ./Core/Src/stm32f1xx_it.o
LOAD ./Core/Src/syscalls.o
LOAD ./Core/Src/sysmem.o
LOAD ./Core/Src/system_stm32f1xx.o
LOAD ./Core/Startup/startup_stm32f103c8tx.o
LOAD ./Drivers/STM32F1xx_HAL_Driver/Src/stm32f1xx_hal.o
LOAD ./Drivers/STM32F1xx_HAL_Driver/Src/stm32f1xx_hal_adc.o
LOAD ./Drivers/STM32F1xx_HAL_Driver/Src/stm32f1xx_hal_adc_ex.o
LOAD ./Drivers/STM32F1xx_HAL_Driver/Src/stm32f1xx_hal_cortex.o
LOAD ./Drivers/STM32F1xx_HAL_Driver/Src/stm32f1xx_hal_dma.o
LOAD ./Drivers/STM32F1xx_HAL_Driver/Src/stm32f1xx_hal_exti.o
LOAD ./Drivers/STM32F1xx_HAL_Driver/Src/stm32f1xx_hal_flash.o
LOAD ./Drivers/STM32F1xx_HAL_Driver/Src/stm32f1xx_hal_flash_ex.o
LOAD ./Drivers/STM32F1xx_HAL_Driver/Src/stm32f1xx_hal_gpio.o
LOAD ./Drivers/STM32F1xx_HAL_Driver/Src/stm32f1xx_hal_gpio_ex.o
LOAD ./Drivers/STM32F1xx_HAL_Driver/Src/stm32f1xx_hal_pwr.o
LOAD ./Drivers/STM32F1xx_HAL_Driver/Src/stm32f1xx_hal_rcc.o
LOAD ./Drivers/STM32F1xx_HAL_Driver/Src/stm32f1xx_hal_rcc_ex.o
LOAD ./Drivers/STM32F1xx_HAL_Driver/Src/stm32f1xx_hal_spi.o
LOAD ./Drivers/STM32F1xx_HAL_Driver/Src/stm32f1xx_hal_tim.o
LOAD ./Drivers/STM32F1xx_HAL_Driver/Src/stm32f1xx_hal_tim_ex.o
LOAD ./Drivers/STM32F1xx_HAL_Driver/Src/stm32f1xx_hal_uart.o
LOAD ./MC3479/Src/MC3479.o
LOAD ./MP6543H/Src/MP6543H.o
START GROUP
LOAD c:/st/stm32cubeide_1.10.1/stm32cubeide/plugins/com.st.stm32cube.ide.mcu.externaltools.gnu-tools-for-stm32.10.3-2021.10.win32_1.0.0.202111181127/tools/bin/../lib/gcc/arm-none-eabi/10.3.1/../../../../arm-none-eabi/lib/thumb/v7-m/nofp\libstdc++_nano.a
LOAD c:/st/stm32cubeide_1.10.1/stm32cubeide/plugins/com.st.stm32cube.ide.mcu.externaltools.gnu-tools-for-stm32.10.3-2021.10.win32_1.0.0.202111181127/tools/bin/../lib/gcc/arm-none-eabi/10.3.1/../../../../arm-none-eabi/lib/thumb/v7-m/nofp\libsupc++_nano.a
END GROUP
LOAD c:/st/stm32cubeide_1.10.1/stm32cubeide/plugins/com.st.stm32cube.ide.mcu.externaltools.gnu-tools-for-stm32.10.3-2021.10.win32_1.0.0.202111181127/tools/bin/../lib/gcc/arm-none-eabi/10.3.1/../../../../arm-none-eabi/lib/thumb/v7-m/nofp\libstdc++_nano.a
LOAD c:/st/stm32cubeide_1.10.1/stm32cubeide/plugins/com.st.stm32cube.ide.mcu.externaltools.gnu-tools-for-stm32.10.3-2021.10.win32_1.0.0.202111181127/tools/bin/../lib/gcc/arm-none-eabi/10.3.1/../../../../arm-none-eabi/lib/thumb/v7-m/nofp\libm.a
LOAD c:/st/stm32cubeide_1.10.1/stm32cubeide/plugins/com.st.stm32cube.ide.mcu.externaltools.gnu-tools-for-stm32.10.3-2021.10.win32_1.0.0.202111181127/tools/bin/../lib/gcc/arm-none-eabi/10.3.1/../../../../arm-none-eabi/lib/thumb/v7-m/nofp\libc_nano.a
START GROUP
LOAD c:/st/stm32cubeide_1.10.1/stm32cubeide/plugins/com.st.stm32cube.ide.mcu.externaltools.gnu-tools-for-stm32.10.3-2021.10.win32_1.0.0.202111181127/tools/bin/../lib/gcc/arm-none-eabi/10.3.1/thumb/v7-m/nofp\libgcc.a
LOAD c:/st/stm32cubeide_1.10.1/stm32cubeide/plugins/com.st.stm32cube.ide.mcu.externaltools.gnu-tools-for-stm32.10.3-2021.10.win32_1.0.0.202111181127/tools/bin/../lib/gcc/arm-none-eabi/10.3.1/../../../../arm-none-eabi/lib/thumb/v7-m/nofp\libc_nano.a
END GROUP
START GROUP
LOAD c:/st/stm32cubeide_1.10.1/stm32cubeide/plugins/com.st.stm32cube.ide.mcu.externaltools.gnu-tools-for-stm32.10.3-2021.10.win32_1.0.0.202111181127/tools/bin/../lib/gcc/arm-none-eabi/10.3.1/thumb/v7-m/nofp\libgcc.a
LOAD c:/st/stm32cubeide_1.10.1/stm32cubeide/plugins/com.st.stm32cube.ide.mcu.externaltools.gnu-tools-for-stm32.10.3-2021.10.win32_1.0.0.202111181127/tools/bin/../lib/gcc/arm-none-eabi/10.3.1/../../../../arm-none-eabi/lib/thumb/v7-m/nofp\libc_nano.a
LOAD c:/st/stm32cubeide_1.10.1/stm32cubeide/plugins/com.st.stm32cube.ide.mcu.externaltools.gnu-tools-for-stm32.10.3-2021.10.win32_1.0.0.202111181127/tools/bin/../lib/gcc/arm-none-eabi/10.3.1/../../../../arm-none-eabi/lib/thumb/v7-m/nofp\libnosys.a
END GROUP
START GROUP
LOAD c:/st/stm32cubeide_1.10.1/stm32cubeide/plugins/com.st.stm32cube.ide.mcu.externaltools.gnu-tools-for-stm32.10.3-2021.10.win32_1.0.0.202111181127/tools/bin/../lib/gcc/arm-none-eabi/10.3.1/thumb/v7-m/nofp\libgcc.a
LOAD c:/st/stm32cubeide_1.10.1/stm32cubeide/plugins/com.st.stm32cube.ide.mcu.externaltools.gnu-tools-for-stm32.10.3-2021.10.win32_1.0.0.202111181127/tools/bin/../lib/gcc/arm-none-eabi/10.3.1/../../../../arm-none-eabi/lib/thumb/v7-m/nofp\libc_nano.a
LOAD c:/st/stm32cubeide_1.10.1/stm32cubeide/plugins/com.st.stm32cube.ide.mcu.externaltools.gnu-tools-for-stm32.10.3-2021.10.win32_1.0.0.202111181127/tools/bin/../lib/gcc/arm-none-eabi/10.3.1/../../../../arm-none-eabi/lib/thumb/v7-m/nofp\libnosys.a
END GROUP
LOAD c:/st/stm32cubeide_1.10.1/stm32cubeide/plugins/com.st.stm32cube.ide.mcu.externaltools.gnu-tools-for-stm32.10.3-2021.10.win32_1.0.0.202111181127/tools/bin/../lib/gcc/arm-none-eabi/10.3.1/thumb/v7-m/nofp/crtend.o
LOAD c:/st/stm32cubeide_1.10.1/stm32cubeide/plugins/com.st.stm32cube.ide.mcu.externaltools.gnu-tools-for-stm32.10.3-2021.10.win32_1.0.0.202111181127/tools/bin/../lib/gcc/arm-none-eabi/10.3.1/thumb/v7-m/nofp/crtn.o
                0x0000000020005000                _estack = (ORIGIN (RAM) + LENGTH (RAM))
                0x0000000000000200                _Min_Heap_Size = 0x200
                0x0000000000000400                _Min_Stack_Size = 0x400

.isr_vector     0x0000000008000000      0x10c
                0x0000000008000000                . = ALIGN (0x4)
 *(.isr_vector)
 .isr_vector    0x0000000008000000      0x10c ./Core/Startup/startup_stm32f103c8tx.o
                0x0000000008000000                g_pfnVectors
                0x000000000800010c                . = ALIGN (0x4)

.text           0x0000000008000110     0x60dc
                0x0000000008000110                . = ALIGN (0x4)
 *(.text)
 .text          0x0000000008000110       0x40 c:/st/stm32cubeide_1.10.1/stm32cubeide/plugins/com.st.stm32cube.ide.mcu.externaltools.gnu-tools-for-stm32.10.3-2021.10.win32_1.0.0.202111181127/tools/bin/../lib/gcc/arm-none-eabi/10.3.1/thumb/v7-m/nofp/crtbegin.o
 .text          0x0000000008000150      0x378 c:/st/stm32cubeide_1.10.1/stm32cubeide/plugins/com.st.stm32cube.ide.mcu.externaltools.gnu-tools-for-stm32.10.3-2021.10.win32_1.0.0.202111181127/tools/bin/../lib/gcc/arm-none-eabi/10.3.1/thumb/v7-m/nofp\libgcc.a(_arm_addsubdf3.o)
                0x0000000008000150                __aeabi_drsub
                0x0000000008000158                __aeabi_dsub
                0x0000000008000158                __subdf3
                0x000000000800015c                __aeabi_dadd
                0x000000000800015c                __adddf3
                0x00000000080003d4                __floatunsidf
                0x00000000080003d4                __aeabi_ui2d
                0x00000000080003f4                __floatsidf
                0x00000000080003f4                __aeabi_i2d
                0x0000000008000418                __aeabi_f2d
                0x0000000008000418                __extendsfdf2
                0x000000000800045c                __floatundidf
                0x000000000800045c                __aeabi_ul2d
                0x000000000800046c                __floatdidf
                0x000000000800046c                __aeabi_l2d
 .text          0x00000000080004c8      0x424 c:/st/stm32cubeide_1.10.1/stm32cubeide/plugins/com.st.stm32cube.ide.mcu.externaltools.gnu-tools-for-stm32.10.3-2021.10.win32_1.0.0.202111181127/tools/bin/../lib/gcc/arm-none-eabi/10.3.1/thumb/v7-m/nofp\libgcc.a(_arm_muldivdf3.o)
                0x00000000080004c8                __aeabi_dmul
                0x00000000080004c8                __muldf3
                0x000000000800071c                __divdf3
                0x000000000800071c                __aeabi_ddiv
 .text          0x00000000080008ec      0x110 c:/st/stm32cubeide_1.10.1/stm32cubeide/plugins/com.st.stm32cube.ide.mcu.externaltools.gnu-tools-for-stm32.10.3-2021.10.win32_1.0.0.202111181127/tools/bin/../lib/gcc/arm-none-eabi/10.3.1/thumb/v7-m/nofp\libgcc.a(_arm_cmpdf2.o)
                0x00000000080008ec                __gtdf2
                0x00000000080008ec                __gedf2
                0x00000000080008f4                __ltdf2
                0x00000000080008f4                __ledf2
                0x00000000080008fc                __nedf2
                0x00000000080008fc                __eqdf2
                0x00000000080008fc                __cmpdf2
                0x0000000008000978                __aeabi_cdrcmple
                0x0000000008000988                __aeabi_cdcmpeq
                0x0000000008000988                __aeabi_cdcmple
                0x0000000008000998                __aeabi_dcmpeq
                0x00000000080009ac                __aeabi_dcmplt
                0x00000000080009c0                __aeabi_dcmple
                0x00000000080009d4                __aeabi_dcmpge
                0x00000000080009e8                __aeabi_dcmpgt
 .text          0x00000000080009fc       0x50 c:/st/stm32cubeide_1.10.1/stm32cubeide/plugins/com.st.stm32cube.ide.mcu.externaltools.gnu-tools-for-stm32.10.3-2021.10.win32_1.0.0.202111181127/tools/bin/../lib/gcc/arm-none-eabi/10.3.1/thumb/v7-m/nofp\libgcc.a(_arm_fixdfsi.o)
                0x00000000080009fc                __aeabi_d2iz
                0x00000000080009fc                __fixdfsi
 *(.text*)
 .text._ZnwjPv  0x0000000008000a4c       0x16 ./ControlSystem/Src/controlSystem.o
                0x0000000008000a4c                operator new(unsigned int, void*)
 .text._ZSt16__deque_buf_sizej
                0x0000000008000a62       0x28 ./ControlSystem/Src/controlSystem.o
                0x0000000008000a62                std::__deque_buf_size(unsigned int)
 .text._ZNSt5queueIsSt5dequeIsSaIsEEED2Ev
                0x0000000008000a8a       0x1a ./ControlSystem/Src/controlSystem.o
                0x0000000008000a8a                std::queue<short, std::deque<short, std::allocator<short> > >::~queue()
                0x0000000008000a8a                std::queue<short, std::deque<short, std::allocator<short> > >::~queue()
 *fill*         0x0000000008000aa4        0x4 
 .text._ZN12ControlClassC2Ev
                0x0000000008000aa8       0x58 ./ControlSystem/Src/controlSystem.o
                0x0000000008000aa8                ControlClass::ControlClass()
                0x0000000008000aa8                ControlClass::ControlClass()
 .text._ZN12ControlClass11lookupAngleEss
                0x0000000008000b00       0x80 ./ControlSystem/Src/controlSystem.o
                0x0000000008000b00                ControlClass::lookupAngle(short, short)
 .text._ZN12ControlClass14normalizeThetaEhhhh
                0x0000000008000b80       0x50 ./ControlSystem/Src/controlSystem.o
                0x0000000008000b80                ControlClass::normalizeTheta(unsigned char, unsigned char, unsigned char, unsigned char)
 .text._ZN12ControlClass19updateControlSystemEssaa
                0x0000000008000bd0       0x78 ./ControlSystem/Src/controlSystem.o
                0x0000000008000bd0                ControlClass::updateControlSystem(short, short, signed char, signed char)
 .text._ZNSt5dequeIsSaIsEEC2Ev
                0x0000000008000c48       0x1a ./ControlSystem/Src/controlSystem.o
                0x0000000008000c48                std::deque<short, std::allocator<short> >::deque()
                0x0000000008000c48                std::deque<short, std::allocator<short> >::deque()
 .text._ZNSt5queueIsSt5dequeIsSaIsEEEC2IS2_vEEv
                0x0000000008000c62       0x28 ./ControlSystem/Src/controlSystem.o
                0x0000000008000c62                std::queue<short, std::deque<short, std::allocator<short> > >::queue<std::deque<short, std::allocator<short> >, void>()
                0x0000000008000c62                std::queue<short, std::deque<short, std::allocator<short> > >::queue<std::deque<short, std::allocator<short> >, void>()
 .text._ZNSt5dequeIsSaIsEED2Ev
                0x0000000008000c8a       0x4a ./ControlSystem/Src/controlSystem.o
                0x0000000008000c8a                std::deque<short, std::allocator<short> >::~deque()
                0x0000000008000c8a                std::deque<short, std::allocator<short> >::~deque()
 .text._ZNSt5queueIsSt5dequeIsSaIsEEE4pushEOs
                0x0000000008000cd4       0x24 ./ControlSystem/Src/controlSystem.o
                0x0000000008000cd4                std::queue<short, std::deque<short, std::allocator<short> > >::push(short&&)
 .text._ZNSt11_Deque_baseIsSaIsEE11_Deque_implD2Ev
                0x0000000008000cf8       0x18 ./ControlSystem/Src/controlSystem.o
                0x0000000008000cf8                std::_Deque_base<short, std::allocator<short> >::_Deque_impl::~_Deque_impl()
                0x0000000008000cf8                std::_Deque_base<short, std::allocator<short> >::_Deque_impl::~_Deque_impl()
 .text._ZNSt11_Deque_baseIsSaIsEEC2Ev
                0x0000000008000d10       0x22 ./ControlSystem/Src/controlSystem.o
                0x0000000008000d10                std::_Deque_base<short, std::allocator<short> >::_Deque_base()
                0x0000000008000d10                std::_Deque_base<short, std::allocator<short> >::_Deque_base()
 .text._ZNSt11_Deque_baseIsSaIsEED2Ev
                0x0000000008000d32       0x44 ./ControlSystem/Src/controlSystem.o
                0x0000000008000d32                std::_Deque_base<short, std::allocator<short> >::~_Deque_base()
                0x0000000008000d32                std::_Deque_base<short, std::allocator<short> >::~_Deque_base()
 .text._ZNSt5dequeIsSaIsEE5beginEv
                0x0000000008000d76       0x1e ./ControlSystem/Src/controlSystem.o
                0x0000000008000d76                std::deque<short, std::allocator<short> >::begin()
 .text._ZNSt5dequeIsSaIsEE3endEv
                0x0000000008000d94       0x1e ./ControlSystem/Src/controlSystem.o
                0x0000000008000d94                std::deque<short, std::allocator<short> >::end()
 .text._ZNSt11_Deque_baseIsSaIsEE19_M_get_Tp_allocatorEv
                0x0000000008000db2       0x14 ./ControlSystem/Src/controlSystem.o
                0x0000000008000db2                std::_Deque_base<short, std::allocator<short> >::_M_get_Tp_allocator()
 .text._ZNSt15_Deque_iteratorIsRsPsEC2ERKS2_
                0x0000000008000dc6       0x36 ./ControlSystem/Src/controlSystem.o
                0x0000000008000dc6                std::_Deque_iterator<short, short&, short*>::_Deque_iterator(std::_Deque_iterator<short, short&, short*> const&)
                0x0000000008000dc6                std::_Deque_iterator<short, short&, short*>::_Deque_iterator(std::_Deque_iterator<short, short&, short*> const&)
 .text._ZNSt5dequeIsSaIsEE15_M_destroy_dataESt15_Deque_iteratorIsRsPsES5_RKS0_
                0x0000000008000dfc       0x18 ./ControlSystem/Src/controlSystem.o
                0x0000000008000dfc                std::deque<short, std::allocator<short> >::_M_destroy_data(std::_Deque_iterator<short, short&, short*>, std::_Deque_iterator<short, short&, short*>, std::allocator<short> const&)
 .text._ZSt4moveIRsEONSt16remove_referenceIT_E4typeEOS2_
                0x0000000008000e14       0x14 ./ControlSystem/Src/controlSystem.o
                0x0000000008000e14                std::remove_reference<short&>::type&& std::move<short&>(short&)
 .text._ZNSt5dequeIsSaIsEE9push_backEOs
                0x0000000008000e28       0x22 ./ControlSystem/Src/controlSystem.o
                0x0000000008000e28                std::deque<short, std::allocator<short> >::push_back(short&&)
 .text._ZNSt11_Deque_baseIsSaIsEE11_Deque_implC2Ev
                0x0000000008000e4a       0x20 ./ControlSystem/Src/controlSystem.o
                0x0000000008000e4a                std::_Deque_base<short, std::allocator<short> >::_Deque_impl::_Deque_impl()
                0x0000000008000e4a                std::_Deque_base<short, std::allocator<short> >::_Deque_impl::_Deque_impl()
 .text._ZNSaIsED2Ev
                0x0000000008000e6a       0x18 ./ControlSystem/Src/controlSystem.o
                0x0000000008000e6a                std::allocator<short>::~allocator()
                0x0000000008000e6a                std::allocator<short>::~allocator()
 .text._ZNSt11_Deque_baseIsSaIsEE17_M_initialize_mapEj
                0x0000000008000e82       0xc6 ./ControlSystem/Src/controlSystem.o
                0x0000000008000e82                std::_Deque_base<short, std::allocator<short> >::_M_initialize_map(unsigned int)
 .text._ZNSt11_Deque_baseIsSaIsEE16_M_destroy_nodesEPPsS3_
                0x0000000008000f48       0x34 ./ControlSystem/Src/controlSystem.o
                0x0000000008000f48                std::_Deque_base<short, std::allocator<short> >::_M_destroy_nodes(short**, short**)
 .text._ZNSt11_Deque_baseIsSaIsEE17_M_deallocate_mapEPPsj
                0x0000000008000f7c       0x38 ./ControlSystem/Src/controlSystem.o
                0x0000000008000f7c                std::_Deque_base<short, std::allocator<short> >::_M_deallocate_map(short**, unsigned int)
 .text._ZNSt5dequeIsSaIsEE12emplace_backIJsEEEvDpOT_
                0x0000000008000fb4       0x54 ./ControlSystem/Src/controlSystem.o
                0x0000000008000fb4                void std::deque<short, std::allocator<short> >::emplace_back<short>(short&&)
 .text._ZNSaIsEC2Ev
                0x0000000008001008       0x18 ./ControlSystem/Src/controlSystem.o
                0x0000000008001008                std::allocator<short>::allocator()
                0x0000000008001008                std::allocator<short>::allocator()
 .text._ZNSt11_Deque_baseIsSaIsEE16_Deque_impl_dataC2Ev
                0x0000000008001020       0x32 ./ControlSystem/Src/controlSystem.o
                0x0000000008001020                std::_Deque_base<short, std::allocator<short> >::_Deque_impl_data::_Deque_impl_data()
                0x0000000008001020                std::_Deque_base<short, std::allocator<short> >::_Deque_impl_data::_Deque_impl_data()
 .text._ZN9__gnu_cxx13new_allocatorIsED2Ev
                0x0000000008001052       0x14 ./ControlSystem/Src/controlSystem.o
                0x0000000008001052                __gnu_cxx::new_allocator<short>::~new_allocator()
                0x0000000008001052                __gnu_cxx::new_allocator<short>::~new_allocator()
 .text._ZSt3maxIjERKT_S2_S2_
                0x0000000008001066       0x26 ./ControlSystem/Src/controlSystem.o
                0x0000000008001066                unsigned int const& std::max<unsigned int>(unsigned int const&, unsigned int const&)
 .text._ZNSt11_Deque_baseIsSaIsEE15_M_allocate_mapEj
                0x000000000800108c       0x3a ./ControlSystem/Src/controlSystem.o
                0x000000000800108c                std::_Deque_base<short, std::allocator<short> >::_M_allocate_map(unsigned int)
 .text._ZNSt11_Deque_baseIsSaIsEE15_M_create_nodesEPPsS3_
                0x00000000080010c6       0x34 ./ControlSystem/Src/controlSystem.o
                0x00000000080010c6                std::_Deque_base<short, std::allocator<short> >::_M_create_nodes(short**, short**)
 .text._ZNSt15_Deque_iteratorIsRsPsE11_M_set_nodeEPS1_
                0x00000000080010fa       0x32 ./ControlSystem/Src/controlSystem.o
                0x00000000080010fa                std::_Deque_iterator<short, short&, short*>::_M_set_node(short**)
 .text._ZNSt11_Deque_baseIsSaIsEE18_M_deallocate_nodeEPs
                0x000000000800112c       0x26 ./ControlSystem/Src/controlSystem.o
                0x000000000800112c                std::_Deque_base<short, std::allocator<short> >::_M_deallocate_node(short*)
 .text._ZNKSt11_Deque_baseIsSaIsEE20_M_get_map_allocatorEv
                0x0000000008001152       0x22 ./ControlSystem/Src/controlSystem.o
                0x0000000008001152                std::_Deque_base<short, std::allocator<short> >::_M_get_map_allocator() const
 .text._ZNSaIPsED2Ev
                0x0000000008001174       0x18 ./ControlSystem/Src/controlSystem.o
                0x0000000008001174                std::allocator<short*>::~allocator()
                0x0000000008001174                std::allocator<short*>::~allocator()
 .text._ZNSt16allocator_traitsISaIPsEE10deallocateERS1_PS0_j
                0x000000000800118c       0x1e ./ControlSystem/Src/controlSystem.o
                0x000000000800118c                std::allocator_traits<std::allocator<short*> >::deallocate(std::allocator<short*>&, short**, unsigned int)
 .text._ZSt7forwardIsEOT_RNSt16remove_referenceIS0_E4typeE
                0x00000000080011aa       0x14 ./ControlSystem/Src/controlSystem.o
                0x00000000080011aa                short&& std::forward<short>(std::remove_reference<short>::type&)
 .text._ZNSt16allocator_traitsISaIsEE9constructIsJsEEEvRS0_PT_DpOT0_
                0x00000000080011be       0x26 ./ControlSystem/Src/controlSystem.o
                0x00000000080011be                void std::allocator_traits<std::allocator<short> >::construct<short, short>(std::allocator<short>&, short*, short&&)
 .text._ZNSt5dequeIsSaIsEE16_M_push_back_auxIJsEEEvDpOT_
                0x00000000080011e4       0x88 ./ControlSystem/Src/controlSystem.o
                0x00000000080011e4                void std::deque<short, std::allocator<short> >::_M_push_back_aux<short>(short&&)
 .text._ZN9__gnu_cxx13new_allocatorIsEC2Ev
                0x000000000800126c       0x14 ./ControlSystem/Src/controlSystem.o
                0x000000000800126c                __gnu_cxx::new_allocator<short>::new_allocator()
                0x000000000800126c                __gnu_cxx::new_allocator<short>::new_allocator()
 .text._ZNSt15_Deque_iteratorIsRsPsEC2Ev
                0x0000000008001280       0x2c ./ControlSystem/Src/controlSystem.o
                0x0000000008001280                std::_Deque_iterator<short, short&, short*>::_Deque_iterator()
                0x0000000008001280                std::_Deque_iterator<short, short&, short*>::_Deque_iterator()
 .text._ZNSt16allocator_traitsISaIPsEE8allocateERS1_j
                0x00000000080012ac       0x1e ./ControlSystem/Src/controlSystem.o
                0x00000000080012ac                std::allocator_traits<std::allocator<short*> >::allocate(std::allocator<short*>&, unsigned int)
 .text._ZNSt11_Deque_baseIsSaIsEE16_M_allocate_nodeEv
                0x00000000080012ca       0x24 ./ControlSystem/Src/controlSystem.o
                0x00000000080012ca                std::_Deque_base<short, std::allocator<short> >::_M_allocate_node()
 .text._ZNSt15_Deque_iteratorIsRsPsE14_S_buffer_sizeEv
                0x00000000080012ee       0x10 ./ControlSystem/Src/controlSystem.o
                0x00000000080012ee                std::_Deque_iterator<short, short&, short*>::_S_buffer_size()
 .text._ZNSt16allocator_traitsISaIsEE10deallocateERS0_Psj
                0x00000000080012fe       0x1e ./ControlSystem/Src/controlSystem.o
                0x00000000080012fe                std::allocator_traits<std::allocator<short> >::deallocate(std::allocator<short>&, short*, unsigned int)
 .text._ZNKSt11_Deque_baseIsSaIsEE19_M_get_Tp_allocatorEv
                0x000000000800131c       0x14 ./ControlSystem/Src/controlSystem.o
                0x000000000800131c                std::_Deque_base<short, std::allocator<short> >::_M_get_Tp_allocator() const
 .text._ZNSaIPsEC2IsEERKSaIT_E
                0x0000000008001330       0x1a ./ControlSystem/Src/controlSystem.o
                0x0000000008001330                std::allocator<short*>::allocator<short>(std::allocator<short> const&)
                0x0000000008001330                std::allocator<short*>::allocator<short>(std::allocator<short> const&)
 .text._ZN9__gnu_cxx13new_allocatorIPsED2Ev
                0x000000000800134a       0x14 ./ControlSystem/Src/controlSystem.o
                0x000000000800134a                __gnu_cxx::new_allocator<short*>::~new_allocator()
                0x000000000800134a                __gnu_cxx::new_allocator<short*>::~new_allocator()
 .text._ZN9__gnu_cxx13new_allocatorIPsE10deallocateEPS1_j
                0x000000000800135e       0x20 ./ControlSystem/Src/controlSystem.o
                0x000000000800135e                __gnu_cxx::new_allocator<short*>::deallocate(short**, unsigned int)
 .text._ZN9__gnu_cxx13new_allocatorIsE9constructIsJsEEEvPT_DpOT0_
                0x000000000800137e       0x30 ./ControlSystem/Src/controlSystem.o
                0x000000000800137e                void __gnu_cxx::new_allocator<short>::construct<short, short>(short*, short&&)
 .text._ZNKSt5dequeIsSaIsEE4sizeEv
                0x00000000080013ae       0x24 ./ControlSystem/Src/controlSystem.o
                0x00000000080013ae                std::deque<short, std::allocator<short> >::size() const
 .text._ZNKSt5dequeIsSaIsEE8max_sizeEv
                0x00000000080013d2       0x22 ./ControlSystem/Src/controlSystem.o
                0x00000000080013d2                std::deque<short, std::allocator<short> >::max_size() const
 .text._ZNSt5dequeIsSaIsEE22_M_reserve_map_at_backEj
                0x00000000080013f4       0x36 ./ControlSystem/Src/controlSystem.o
                0x00000000080013f4                std::deque<short, std::allocator<short> >::_M_reserve_map_at_back(unsigned int)
 .text._ZN9__gnu_cxx13new_allocatorIPsE8allocateEjPKv
                0x000000000800142a       0x3c ./ControlSystem/Src/controlSystem.o
                0x000000000800142a                __gnu_cxx::new_allocator<short*>::allocate(unsigned int, void const*)
 .text._ZNSt16allocator_traitsISaIsEE8allocateERS0_j
                0x0000000008001466       0x1e ./ControlSystem/Src/controlSystem.o
                0x0000000008001466                std::allocator_traits<std::allocator<short> >::allocate(std::allocator<short>&, unsigned int)
 .text._ZN9__gnu_cxx13new_allocatorIsE10deallocateEPsj
                0x0000000008001484       0x20 ./ControlSystem/Src/controlSystem.o
                0x0000000008001484                __gnu_cxx::new_allocator<short>::deallocate(short*, unsigned int)
 .text._ZN9__gnu_cxx13new_allocatorIPsEC2Ev
                0x00000000080014a4       0x14 ./ControlSystem/Src/controlSystem.o
                0x00000000080014a4                __gnu_cxx::new_allocator<short*>::new_allocator()
                0x00000000080014a4                __gnu_cxx::new_allocator<short*>::new_allocator()
 .text._ZStmiRKSt15_Deque_iteratorIsRsPsES4_
                0x00000000080014b8       0x48 ./ControlSystem/Src/controlSystem.o
                0x00000000080014b8                std::operator-(std::_Deque_iterator<short, short&, short*> const&, std::_Deque_iterator<short, short&, short*> const&)
 .text._ZNSt5dequeIsSaIsEE11_S_max_sizeERKS0_
                0x0000000008001500       0x34 ./ControlSystem/Src/controlSystem.o
                0x0000000008001500                std::deque<short, std::allocator<short> >::_S_max_size(std::allocator<short> const&)
 .text._ZNSt5dequeIsSaIsEE17_M_reallocate_mapEjb
                0x0000000008001534      0x134 ./ControlSystem/Src/controlSystem.o
                0x0000000008001534                std::deque<short, std::allocator<short> >::_M_reallocate_map(unsigned int, bool)
 .text._ZNK9__gnu_cxx13new_allocatorIPsE11_M_max_sizeEv
                0x0000000008001668       0x16 ./ControlSystem/Src/controlSystem.o
                0x0000000008001668                __gnu_cxx::new_allocator<short*>::_M_max_size() const
 .text._ZN9__gnu_cxx13new_allocatorIsE8allocateEjPKv
                0x000000000800167e       0x3c ./ControlSystem/Src/controlSystem.o
                0x000000000800167e                __gnu_cxx::new_allocator<short>::allocate(unsigned int, void const*)
 .text._ZNSt16allocator_traitsISaIsEE8max_sizeERKS0_
                0x00000000080016ba       0x18 ./ControlSystem/Src/controlSystem.o
                0x00000000080016ba                std::allocator_traits<std::allocator<short> >::max_size(std::allocator<short> const&)
 .text._ZSt3minIjERKT_S2_S2_
                0x00000000080016d2       0x26 ./ControlSystem/Src/controlSystem.o
                0x00000000080016d2                unsigned int const& std::min<unsigned int>(unsigned int const&, unsigned int const&)
 .text._ZSt4copyIPPsS1_ET0_T_S3_S2_
                0x00000000080016f8       0x30 ./ControlSystem/Src/controlSystem.o
                0x00000000080016f8                short** std::copy<short**, short**>(short**, short**, short**)
 .text._ZSt13copy_backwardIPPsS1_ET0_T_S3_S2_
                0x0000000008001728       0x30 ./ControlSystem/Src/controlSystem.o
                0x0000000008001728                short** std::copy_backward<short**, short**>(short**, short**, short**)
 .text._ZNK9__gnu_cxx13new_allocatorIsE11_M_max_sizeEv
                0x0000000008001758       0x16 ./ControlSystem/Src/controlSystem.o
                0x0000000008001758                __gnu_cxx::new_allocator<short>::_M_max_size() const
 .text._ZNK9__gnu_cxx13new_allocatorIsE8max_sizeEv
                0x000000000800176e       0x18 ./ControlSystem/Src/controlSystem.o
                0x000000000800176e                __gnu_cxx::new_allocator<short>::max_size() const
 .text._ZSt12__miter_baseIPPsET_S2_
                0x0000000008001786       0x14 ./ControlSystem/Src/controlSystem.o
                0x0000000008001786                short** std::__miter_base<short**>(short**)
 .text._ZSt13__copy_move_aILb0EPPsS1_ET1_T0_S3_S2_
                0x000000000800179a       0x46 ./ControlSystem/Src/controlSystem.o
                0x000000000800179a                short** std::__copy_move_a<false, short**, short**>(short**, short**, short**)
 .text._ZSt22__copy_move_backward_aILb0EPPsS1_ET1_T0_S3_S2_
                0x00000000080017e0       0x46 ./ControlSystem/Src/controlSystem.o
                0x00000000080017e0                short** std::__copy_move_backward_a<false, short**, short**>(short**, short**, short**)
 .text._ZSt12__niter_baseIPPsET_S2_
                0x0000000008001826       0x14 ./ControlSystem/Src/controlSystem.o
                0x0000000008001826                short** std::__niter_base<short**>(short**)
 .text._ZSt14__copy_move_a1ILb0EPPsS1_ET1_T0_S3_S2_
                0x000000000800183a       0x20 ./ControlSystem/Src/controlSystem.o
                0x000000000800183a                short** std::__copy_move_a1<false, short**, short**>(short**, short**, short**)
 .text._ZSt12__niter_wrapIPPsET_RKS2_S2_
                0x000000000800185a       0x16 ./ControlSystem/Src/controlSystem.o
                0x000000000800185a                short** std::__niter_wrap<short**>(short** const&, short**)
 .text._ZSt23__copy_move_backward_a1ILb0EPPsS1_ET1_T0_S3_S2_
                0x0000000008001870       0x20 ./ControlSystem/Src/controlSystem.o
                0x0000000008001870                short** std::__copy_move_backward_a1<false, short**, short**>(short**, short**, short**)
 .text._ZSt14__copy_move_a2ILb0EPPsS1_ET1_T0_S3_S2_
                0x0000000008001890       0x20 ./ControlSystem/Src/controlSystem.o
                0x0000000008001890                short** std::__copy_move_a2<false, short**, short**>(short**, short**, short**)
 .text._ZSt23__copy_move_backward_a2ILb0EPPsS1_ET1_T0_S3_S2_
                0x00000000080018b0       0x20 ./ControlSystem/Src/controlSystem.o
                0x00000000080018b0                short** std::__copy_move_backward_a2<false, short**, short**>(short**, short**, short**)
 .text._ZNSt11__copy_moveILb0ELb1ESt26random_access_iterator_tagE8__copy_mIPsEEPT_PKS4_S7_S5_
                0x00000000080018d0       0x3a ./ControlSystem/Src/controlSystem.o
                0x00000000080018d0                short** std::__copy_move<false, true, std::random_access_iterator_tag>::__copy_m<short*>(short* const*, short* const*, short**)
 .text._ZNSt20__copy_move_backwardILb0ELb1ESt26random_access_iterator_tagE13__copy_move_bIPsEEPT_PKS4_S7_S5_
                0x000000000800190a       0x44 ./ControlSystem/Src/controlSystem.o
                0x000000000800190a                short** std::__copy_move_backward<false, true, std::random_access_iterator_tag>::__copy_move_b<short*>(short* const*, short* const*, short**)
 .text._ZN12ControlClassD2Ev
                0x000000000800194e       0x26 ./ControlSystem/Src/controlSystem.o
                0x000000000800194e                ControlClass::~ControlClass()
                0x000000000800194e                ControlClass::~ControlClass()
 .text._Z41__static_initialization_and_destruction_0ii
                0x0000000008001974       0x44 ./ControlSystem/Src/controlSystem.o
 .text._GLOBAL__sub_I_ControlSystem
                0x00000000080019b8       0x10 ./ControlSystem/Src/controlSystem.o
 .text._GLOBAL__sub_D_ControlSystem
                0x00000000080019c8       0x10 ./ControlSystem/Src/controlSystem.o
 .text.main     0x00000000080019d8      0x240 ./Core/Src/main.o
                0x00000000080019d8                main
 .text._Z18SystemClock_Configv
                0x0000000008001c18       0xbe ./Core/Src/main.o
                0x0000000008001c18                SystemClock_Config()
 *fill*         0x0000000008001cd6        0x2 
 .text._ZL12MX_ADC2_Initv
                0x0000000008001cd8       0xe4 ./Core/Src/main.o
 .text._ZL12MX_SPI1_Initv
                0x0000000008001dbc       0x78 ./Core/Src/main.o
 .text._ZL12MX_TIM1_Initv
                0x0000000008001e34      0x19c ./Core/Src/main.o
 .text._ZL19MX_USART2_UART_Initv
                0x0000000008001fd0       0x5c ./Core/Src/main.o
 .text._ZL19MX_USART3_UART_Initv
                0x000000000800202c       0x5c ./Core/Src/main.o
 .text._ZL12MX_GPIO_Initv
                0x0000000008002088      0x130 ./Core/Src/main.o
 .text.Error_Handler
                0x00000000080021b8        0xa ./Core/Src/main.o
                0x00000000080021b8                Error_Handler
 *fill*         0x00000000080021c2        0x2 
 .text.HAL_MspInit
                0x00000000080021c4       0x64 ./Core/Src/stm32f1xx_hal_msp.o
                0x00000000080021c4                HAL_MspInit
 .text.HAL_ADC_MspInit
                0x0000000008002228       0xa8 ./Core/Src/stm32f1xx_hal_msp.o
                0x0000000008002228                HAL_ADC_MspInit
 .text.HAL_SPI_MspInit
                0x00000000080022d0       0xb4 ./Core/Src/stm32f1xx_hal_msp.o
                0x00000000080022d0                HAL_SPI_MspInit
 .text.HAL_TIM_Base_MspInit
                0x0000000008002384       0x3c ./Core/Src/stm32f1xx_hal_msp.o
                0x0000000008002384                HAL_TIM_Base_MspInit
 .text.HAL_TIM_MspPostInit
                0x00000000080023c0       0x68 ./Core/Src/stm32f1xx_hal_msp.o
                0x00000000080023c0                HAL_TIM_MspPostInit
 .text.HAL_UART_MspInit
                0x0000000008002428      0x10c ./Core/Src/stm32f1xx_hal_msp.o
                0x0000000008002428                HAL_UART_MspInit
 .text.NMI_Handler
                0x0000000008002534        0x6 ./Core/Src/stm32f1xx_it.o
                0x0000000008002534                NMI_Handler
 .text.HardFault_Handler
                0x000000000800253a        0x6 ./Core/Src/stm32f1xx_it.o
                0x000000000800253a                HardFault_Handler
 .text.MemManage_Handler
                0x0000000008002540        0x6 ./Core/Src/stm32f1xx_it.o
                0x0000000008002540                MemManage_Handler
 .text.BusFault_Handler
                0x0000000008002546        0x6 ./Core/Src/stm32f1xx_it.o
                0x0000000008002546                BusFault_Handler
 .text.UsageFault_Handler
                0x000000000800254c        0x6 ./Core/Src/stm32f1xx_it.o
                0x000000000800254c                UsageFault_Handler
 .text.SVC_Handler
                0x0000000008002552        0xc ./Core/Src/stm32f1xx_it.o
                0x0000000008002552                SVC_Handler
 .text.DebugMon_Handler
                0x000000000800255e        0xc ./Core/Src/stm32f1xx_it.o
                0x000000000800255e                DebugMon_Handler
 .text.PendSV_Handler
                0x000000000800256a        0xc ./Core/Src/stm32f1xx_it.o
                0x000000000800256a                PendSV_Handler
 .text.SysTick_Handler
                0x0000000008002576        0xc ./Core/Src/stm32f1xx_it.o
                0x0000000008002576                SysTick_Handler
 .text._getpid  0x0000000008002582        0xe ./Core/Src/syscalls.o
                0x0000000008002582                _getpid
 .text._kill    0x0000000008002590       0x20 ./Core/Src/syscalls.o
                0x0000000008002590                _kill
 .text._exit    0x00000000080025b0       0x14 ./Core/Src/syscalls.o
                0x00000000080025b0                _exit
 .text._sbrk    0x00000000080025c4       0x6c ./Core/Src/sysmem.o
                0x00000000080025c4                _sbrk
 .text.SystemInit
                0x0000000008002630        0xc ./Core/Src/system_stm32f1xx.o
                0x0000000008002630                SystemInit
 .text.Reset_Handler
                0x000000000800263c       0x48 ./Core/Startup/startup_stm32f103c8tx.o
                0x000000000800263c                Reset_Handler
 .text.Default_Handler
                0x0000000008002684        0x2 ./Core/Startup/startup_stm32f103c8tx.o
                0x0000000008002684                RTC_Alarm_IRQHandler
                0x0000000008002684                EXTI2_IRQHandler
                0x0000000008002684                TIM1_CC_IRQHandler
                0x0000000008002684                PVD_IRQHandler
                0x0000000008002684                EXTI3_IRQHandler
                0x0000000008002684                EXTI0_IRQHandler
                0x0000000008002684                I2C2_EV_IRQHandler
                0x0000000008002684                ADC1_2_IRQHandler
                0x0000000008002684                SPI1_IRQHandler
                0x0000000008002684                TAMPER_IRQHandler
                0x0000000008002684                DMA1_Channel4_IRQHandler
                0x0000000008002684                USART3_IRQHandler
                0x0000000008002684                RTC_IRQHandler
                0x0000000008002684                DMA1_Channel7_IRQHandler
                0x0000000008002684                CAN1_RX1_IRQHandler
                0x0000000008002684                TIM4_IRQHandler
                0x0000000008002684                I2C1_EV_IRQHandler
                0x0000000008002684                DMA1_Channel6_IRQHandler
                0x0000000008002684                TIM3_IRQHandler
                0x0000000008002684                RCC_IRQHandler
                0x0000000008002684                TIM1_TRG_COM_IRQHandler
                0x0000000008002684                DMA1_Channel1_IRQHandler
                0x0000000008002684                Default_Handler
                0x0000000008002684                EXTI15_10_IRQHandler
                0x0000000008002684                EXTI9_5_IRQHandler
                0x0000000008002684                SPI2_IRQHandler
                0x0000000008002684                DMA1_Channel5_IRQHandler
                0x0000000008002684                EXTI4_IRQHandler
                0x0000000008002684                USB_LP_CAN1_RX0_IRQHandler
                0x0000000008002684                USB_HP_CAN1_TX_IRQHandler
                0x0000000008002684                DMA1_Channel3_IRQHandler
                0x0000000008002684                TIM1_UP_IRQHandler
                0x0000000008002684                WWDG_IRQHandler
                0x0000000008002684                TIM2_IRQHandler
                0x0000000008002684                TIM1_BRK_IRQHandler
                0x0000000008002684                EXTI1_IRQHandler
                0x0000000008002684                USART2_IRQHandler
                0x0000000008002684                I2C2_ER_IRQHandler
                0x0000000008002684                DMA1_Channel2_IRQHandler
                0x0000000008002684                CAN1_SCE_IRQHandler
                0x0000000008002684                FLASH_IRQHandler
                0x0000000008002684                USART1_IRQHandler
                0x0000000008002684                I2C1_ER_IRQHandler
                0x0000000008002684                USBWakeUp_IRQHandler
 *fill*         0x0000000008002686        0x2 
 .text.HAL_Init
                0x0000000008002688       0x2c ./Drivers/STM32F1xx_HAL_Driver/Src/stm32f1xx_hal.o
                0x0000000008002688                HAL_Init
 .text.HAL_InitTick
                0x00000000080026b4       0x60 ./Drivers/STM32F1xx_HAL_Driver/Src/stm32f1xx_hal.o
                0x00000000080026b4                HAL_InitTick
 .text.HAL_IncTick
                0x0000000008002714       0x24 ./Drivers/STM32F1xx_HAL_Driver/Src/stm32f1xx_hal.o
                0x0000000008002714                HAL_IncTick
 .text.HAL_GetTick
                0x0000000008002738       0x14 ./Drivers/STM32F1xx_HAL_Driver/Src/stm32f1xx_hal.o
                0x0000000008002738                HAL_GetTick
 .text.HAL_Delay
                0x000000000800274c       0x48 ./Drivers/STM32F1xx_HAL_Driver/Src/stm32f1xx_hal.o
                0x000000000800274c                HAL_Delay
 .text.HAL_ADC_Init
                0x0000000008002794      0x1b0 ./Drivers/STM32F1xx_HAL_Driver/Src/stm32f1xx_hal_adc.o
                0x0000000008002794                HAL_ADC_Init
 .text.HAL_ADC_ConfigChannel
                0x0000000008002944      0x1f0 ./Drivers/STM32F1xx_HAL_Driver/Src/stm32f1xx_hal_adc.o
                0x0000000008002944                HAL_ADC_ConfigChannel
 .text.ADC_ConversionStop_Disable
                0x0000000008002b34       0x82 ./Drivers/STM32F1xx_HAL_Driver/Src/stm32f1xx_hal_adc.o
                0x0000000008002b34                ADC_ConversionStop_Disable
 *fill*         0x0000000008002bb6        0x2 
 .text.__NVIC_SetPriorityGrouping
                0x0000000008002bb8       0x48 ./Drivers/STM32F1xx_HAL_Driver/Src/stm32f1xx_hal_cortex.o
 .text.__NVIC_GetPriorityGrouping
                0x0000000008002c00       0x1c ./Drivers/STM32F1xx_HAL_Driver/Src/stm32f1xx_hal_cortex.o
 .text.__NVIC_SetPriority
                0x0000000008002c1c       0x54 ./Drivers/STM32F1xx_HAL_Driver/Src/stm32f1xx_hal_cortex.o
 .text.NVIC_EncodePriority
                0x0000000008002c70       0x64 ./Drivers/STM32F1xx_HAL_Driver/Src/stm32f1xx_hal_cortex.o
 .text.SysTick_Config
                0x0000000008002cd4       0x44 ./Drivers/STM32F1xx_HAL_Driver/Src/stm32f1xx_hal_cortex.o
 .text.HAL_NVIC_SetPriorityGrouping
                0x0000000008002d18       0x16 ./Drivers/STM32F1xx_HAL_Driver/Src/stm32f1xx_hal_cortex.o
                0x0000000008002d18                HAL_NVIC_SetPriorityGrouping
 .text.HAL_NVIC_SetPriority
                0x0000000008002d2e       0x38 ./Drivers/STM32F1xx_HAL_Driver/Src/stm32f1xx_hal_cortex.o
                0x0000000008002d2e                HAL_NVIC_SetPriority
 .text.HAL_SYSTICK_Config
                0x0000000008002d66       0x18 ./Drivers/STM32F1xx_HAL_Driver/Src/stm32f1xx_hal_cortex.o
                0x0000000008002d66                HAL_SYSTICK_Config
 *fill*         0x0000000008002d7e        0x2 
 .text.HAL_GPIO_Init
                0x0000000008002d80      0x308 ./Drivers/STM32F1xx_HAL_Driver/Src/stm32f1xx_hal_gpio.o
                0x0000000008002d80                HAL_GPIO_Init
 .text.HAL_GPIO_ReadPin
                0x0000000008003088       0x2e ./Drivers/STM32F1xx_HAL_Driver/Src/stm32f1xx_hal_gpio.o
                0x0000000008003088                HAL_GPIO_ReadPin
 .text.HAL_GPIO_WritePin
                0x00000000080030b6       0x30 ./Drivers/STM32F1xx_HAL_Driver/Src/stm32f1xx_hal_gpio.o
                0x00000000080030b6                HAL_GPIO_WritePin
 *fill*         0x00000000080030e6        0x2 
 .text.HAL_RCC_OscConfig
                0x00000000080030e8      0x504 ./Drivers/STM32F1xx_HAL_Driver/Src/stm32f1xx_hal_rcc.o
                0x00000000080030e8                HAL_RCC_OscConfig
 .text.HAL_RCC_ClockConfig
                0x00000000080035ec      0x1d4 ./Drivers/STM32F1xx_HAL_Driver/Src/stm32f1xx_hal_rcc.o
                0x00000000080035ec                HAL_RCC_ClockConfig
 .text.HAL_RCC_GetSysClockFreq
                0x00000000080037c0       0xc0 ./Drivers/STM32F1xx_HAL_Driver/Src/stm32f1xx_hal_rcc.o
                0x00000000080037c0                HAL_RCC_GetSysClockFreq
 .text.HAL_RCC_GetHCLKFreq
                0x0000000008003880       0x14 ./Drivers/STM32F1xx_HAL_Driver/Src/stm32f1xx_hal_rcc.o
                0x0000000008003880                HAL_RCC_GetHCLKFreq
 .text.HAL_RCC_GetPCLK1Freq
                0x0000000008003894       0x28 ./Drivers/STM32F1xx_HAL_Driver/Src/stm32f1xx_hal_rcc.o
                0x0000000008003894                HAL_RCC_GetPCLK1Freq
 .text.HAL_RCC_GetPCLK2Freq
                0x00000000080038bc       0x28 ./Drivers/STM32F1xx_HAL_Driver/Src/stm32f1xx_hal_rcc.o
                0x00000000080038bc                HAL_RCC_GetPCLK2Freq
 .text.RCC_Delay
                0x00000000080038e4       0x3c ./Drivers/STM32F1xx_HAL_Driver/Src/stm32f1xx_hal_rcc.o
 .text.HAL_RCCEx_PeriphCLKConfig
                0x0000000008003920      0x16c ./Drivers/STM32F1xx_HAL_Driver/Src/stm32f1xx_hal_rcc_ex.o
                0x0000000008003920                HAL_RCCEx_PeriphCLKConfig
 .text.HAL_SPI_Init
                0x0000000008003a8c      0x108 ./Drivers/STM32F1xx_HAL_Driver/Src/stm32f1xx_hal_spi.o
                0x0000000008003a8c                HAL_SPI_Init
 .text.HAL_SPI_Transmit
                0x0000000008003b94      0x278 ./Drivers/STM32F1xx_HAL_Driver/Src/stm32f1xx_hal_spi.o
                0x0000000008003b94                HAL_SPI_Transmit
 .text.HAL_SPI_Receive
                0x0000000008003e0c      0x222 ./Drivers/STM32F1xx_HAL_Driver/Src/stm32f1xx_hal_spi.o
                0x0000000008003e0c                HAL_SPI_Receive
 .text.HAL_SPI_TransmitReceive
                0x000000000800402e      0x344 ./Drivers/STM32F1xx_HAL_Driver/Src/stm32f1xx_hal_spi.o
                0x000000000800402e                HAL_SPI_TransmitReceive
 *fill*         0x0000000008004372        0x2 
 .text.SPI_WaitFlagStateUntilTimeout
                0x0000000008004374      0x110 ./Drivers/STM32F1xx_HAL_Driver/Src/stm32f1xx_hal_spi.o
 .text.SPI_EndRxTransaction
                0x0000000008004484       0xa4 ./Drivers/STM32F1xx_HAL_Driver/Src/stm32f1xx_hal_spi.o
 .text.SPI_EndRxTxTransaction
                0x0000000008004528       0x3c ./Drivers/STM32F1xx_HAL_Driver/Src/stm32f1xx_hal_spi.o
 .text.HAL_TIM_Base_Init
                0x0000000008004564       0x9e ./Drivers/STM32F1xx_HAL_Driver/Src/stm32f1xx_hal_tim.o
                0x0000000008004564                HAL_TIM_Base_Init
 .text.HAL_TIM_PWM_Init
                0x0000000008004602       0x9e ./Drivers/STM32F1xx_HAL_Driver/Src/stm32f1xx_hal_tim.o
                0x0000000008004602                HAL_TIM_PWM_Init
 .text.HAL_TIM_PWM_MspInit
                0x00000000080046a0       0x12 ./Drivers/STM32F1xx_HAL_Driver/Src/stm32f1xx_hal_tim.o
                0x00000000080046a0                HAL_TIM_PWM_MspInit
 *fill*         0x00000000080046b2        0x2 
 .text.HAL_TIM_PWM_Start
                0x00000000080046b4      0x144 ./Drivers/STM32F1xx_HAL_Driver/Src/stm32f1xx_hal_tim.o
                0x00000000080046b4                HAL_TIM_PWM_Start
 .text.HAL_TIM_PWM_Stop
                0x00000000080047f8       0xc8 ./Drivers/STM32F1xx_HAL_Driver/Src/stm32f1xx_hal_tim.o
                0x00000000080047f8                HAL_TIM_PWM_Stop
 .text.HAL_TIM_PWM_ConfigChannel
                0x00000000080048c0      0x17c ./Drivers/STM32F1xx_HAL_Driver/Src/stm32f1xx_hal_tim.o
                0x00000000080048c0                HAL_TIM_PWM_ConfigChannel
 .text.HAL_TIM_ConfigClockSource
                0x0000000008004a3c      0x188 ./Drivers/STM32F1xx_HAL_Driver/Src/stm32f1xx_hal_tim.o
                0x0000000008004a3c                HAL_TIM_ConfigClockSource
 .text.TIM_Base_SetConfig
                0x0000000008004bc4       0xc4 ./Drivers/STM32F1xx_HAL_Driver/Src/stm32f1xx_hal_tim.o
                0x0000000008004bc4                TIM_Base_SetConfig
 .text.TIM_OC1_SetConfig
                0x0000000008004c88       0xcc ./Drivers/STM32F1xx_HAL_Driver/Src/stm32f1xx_hal_tim.o
 .text.TIM_OC2_SetConfig
                0x0000000008004d54       0xd4 ./Drivers/STM32F1xx_HAL_Driver/Src/stm32f1xx_hal_tim.o
                0x0000000008004d54                TIM_OC2_SetConfig
 .text.TIM_OC3_SetConfig
                0x0000000008004e28       0xd4 ./Drivers/STM32F1xx_HAL_Driver/Src/stm32f1xx_hal_tim.o
 .text.TIM_OC4_SetConfig
                0x0000000008004efc       0x9c ./Drivers/STM32F1xx_HAL_Driver/Src/stm32f1xx_hal_tim.o
 .text.TIM_TI1_ConfigInputStage
                0x0000000008004f98       0x5c ./Drivers/STM32F1xx_HAL_Driver/Src/stm32f1xx_hal_tim.o
 .text.TIM_TI2_ConfigInputStage
                0x0000000008004ff4       0x5e ./Drivers/STM32F1xx_HAL_Driver/Src/stm32f1xx_hal_tim.o
 .text.TIM_ITRx_SetConfig
                0x0000000008005052       0x34 ./Drivers/STM32F1xx_HAL_Driver/Src/stm32f1xx_hal_tim.o
 .text.TIM_ETR_SetConfig
                0x0000000008005086       0x3e ./Drivers/STM32F1xx_HAL_Driver/Src/stm32f1xx_hal_tim.o
                0x0000000008005086                TIM_ETR_SetConfig
 .text.TIM_CCxChannelCmd
                0x00000000080050c4       0x48 ./Drivers/STM32F1xx_HAL_Driver/Src/stm32f1xx_hal_tim.o
                0x00000000080050c4                TIM_CCxChannelCmd
 .text.HAL_TIMEx_MasterConfigSynchronization
                0x000000000800510c       0xbc ./Drivers/STM32F1xx_HAL_Driver/Src/stm32f1xx_hal_tim_ex.o
                0x000000000800510c                HAL_TIMEx_MasterConfigSynchronization
 .text.HAL_TIMEx_ConfigBreakDeadTime
                0x00000000080051c8       0xa2 ./Drivers/STM32F1xx_HAL_Driver/Src/stm32f1xx_hal_tim_ex.o
                0x00000000080051c8                HAL_TIMEx_ConfigBreakDeadTime
 .text.HAL_UART_Init
                0x000000000800526a       0x9a ./Drivers/STM32F1xx_HAL_Driver/Src/stm32f1xx_hal_uart.o
                0x000000000800526a                HAL_UART_Init
 .text.HAL_UART_Transmit
                0x0000000008005304      0x124 ./Drivers/STM32F1xx_HAL_Driver/Src/stm32f1xx_hal_uart.o
                0x0000000008005304                HAL_UART_Transmit
 .text.UART_WaitOnFlagUntilTimeout
                0x0000000008005428       0x94 ./Drivers/STM32F1xx_HAL_Driver/Src/stm32f1xx_hal_uart.o
 .text.UART_SetConfig
                0x00000000080054bc      0x11c ./Drivers/STM32F1xx_HAL_Driver/Src/stm32f1xx_hal_uart.o
 .text._ZN11MC3479Class12setSerialSPIEP19__SPI_HandleTypeDefP12GPIO_TypeDeft
                0x00000000080055d8       0x2c ./MC3479/Src/MC3479.o
                0x00000000080055d8                MC3479Class::setSerialSPI(__SPI_HandleTypeDef*, GPIO_TypeDef*, unsigned short)
 .text._ZN11MC3479Class16SPI_readRegisterEhPh
                0x0000000008005604       0x64 ./MC3479/Src/MC3479.o
                0x0000000008005604                MC3479Class::SPI_readRegister(unsigned char, unsigned char*)
 .text._ZN11MC3479Class17SPI_writeRegisterEhh
                0x0000000008005668       0x64 ./MC3479/Src/MC3479.o
                0x0000000008005668                MC3479Class::SPI_writeRegister(unsigned char, unsigned char)
 .text._ZN11MC3479Class21burstSPI_readRegisterEhPhh
                0x00000000080056cc       0x82 ./MC3479/Src/MC3479.o
                0x00000000080056cc                MC3479Class::burstSPI_readRegister(unsigned char, unsigned char*, unsigned char)
 .text._ZN11MC3479Class19configAccelerometerEv
                0x000000000800574e      0x170 ./MC3479/Src/MC3479.o
                0x000000000800574e                MC3479Class::configAccelerometer()
 .text._ZN11MC3479Class6getXYZEPhS0_S0_
                0x00000000080058be       0x50 ./MC3479/Src/MC3479.o
                0x00000000080058be                MC3479Class::getXYZ(unsigned char*, unsigned char*, unsigned char*)
 .text._ZN12MP6543HClass23x_configMotorControllerEtP17TIM_HandleTypeDefP12GPIO_TypeDeftS3_tS3_tS3_t
                0x000000000800590e       0x86 ./MP6543H/Src/MP6543H.o
                0x000000000800590e                MP6543HClass::x_configMotorController(unsigned short, TIM_HandleTypeDef*, GPIO_TypeDef*, unsigned short, GPIO_TypeDef*, unsigned short, GPIO_TypeDef*, unsigned short, GPIO_TypeDef*, unsigned short)
 .text._ZN12MP6543HClass13x_setMotorDirEb
                0x0000000008005994       0x3e ./MP6543H/Src/MP6543H.o
                0x0000000008005994                MP6543HClass::x_setMotorDir(bool)
 .text._ZN12MP6543HClass12x_motorBrakeEb
                0x00000000080059d2       0x3e ./MP6543H/Src/MP6543H.o
                0x00000000080059d2                MP6543HClass::x_motorBrake(bool)
 .text._ZN12MP6543HClass12x_motorFaultEv
                0x0000000008005a10       0x2c ./MP6543H/Src/MP6543H.o
                0x0000000008005a10                MP6543HClass::x_motorFault()
 .text._ZN12MP6543HClass23y_configMotorControllerEtP17TIM_HandleTypeDefP12GPIO_TypeDeftS3_tS3_tS3_t
                0x0000000008005a3c       0x86 ./MP6543H/Src/MP6543H.o
                0x0000000008005a3c                MP6543HClass::y_configMotorController(unsigned short, TIM_HandleTypeDef*, GPIO_TypeDef*, unsigned short, GPIO_TypeDef*, unsigned short, GPIO_TypeDef*, unsigned short, GPIO_TypeDef*, unsigned short)
 .text._ZN12MP6543HClass12y_motorBrakeEb
                0x0000000008005ac2       0x3e ./MP6543H/Src/MP6543H.o
                0x0000000008005ac2                MP6543HClass::y_motorBrake(bool)
 .text._ZN12MP6543HClass12y_motorFaultEv
                0x0000000008005b00       0x2c ./MP6543H/Src/MP6543H.o
                0x0000000008005b00                MP6543HClass::y_motorFault()
 .text._ZdlPvj  0x0000000008005b2c        0x4 c:/st/stm32cubeide_1.10.1/stm32cubeide/plugins/com.st.stm32cube.ide.mcu.externaltools.gnu-tools-for-stm32.10.3-2021.10.win32_1.0.0.202111181127/tools/bin/../lib/gcc/arm-none-eabi/10.3.1/../../../../arm-none-eabi/lib/thumb/v7-m/nofp\libstdc++_nano.a(del_ops.o)
                0x0000000008005b2c                operator delete(void*, unsigned int)
 .text._Znwj    0x0000000008005b30       0x22 c:/st/stm32cubeide_1.10.1/stm32cubeide/plugins/com.st.stm32cube.ide.mcu.externaltools.gnu-tools-for-stm32.10.3-2021.10.win32_1.0.0.202111181127/tools/bin/../lib/gcc/arm-none-eabi/10.3.1/../../../../arm-none-eabi/lib/thumb/v7-m/nofp\libstdc++_nano.a(new_op.o)
                0x0000000008005b30                operator new(unsigned int)
 .text.unlikely._ZSt17__throw_bad_allocv
                0x0000000008005b52        0x6 c:/st/stm32cubeide_1.10.1/stm32cubeide/plugins/com.st.stm32cube.ide.mcu.externaltools.gnu-tools-for-stm32.10.3-2021.10.win32_1.0.0.202111181127/tools/bin/../lib/gcc/arm-none-eabi/10.3.1/../../../../arm-none-eabi/lib/thumb/v7-m/nofp\libstdc++_nano.a(functexcept.o)
                0x0000000008005b52                std::__throw_bad_alloc()
 .text.unlikely._ZSt20__throw_length_errorPKc
                0x0000000008005b58        0x6 c:/st/stm32cubeide_1.10.1/stm32cubeide/plugins/com.st.stm32cube.ide.mcu.externaltools.gnu-tools-for-stm32.10.3-2021.10.win32_1.0.0.202111181127/tools/bin/../lib/gcc/arm-none-eabi/10.3.1/../../../../arm-none-eabi/lib/thumb/v7-m/nofp\libstdc++_nano.a(functexcept.o)
                0x0000000008005b58                std::__throw_length_error(char const*)
 .text._ZdlPv   0x0000000008005b5e        0x4 c:/st/stm32cubeide_1.10.1/stm32cubeide/plugins/com.st.stm32cube.ide.mcu.externaltools.gnu-tools-for-stm32.10.3-2021.10.win32_1.0.0.202111181127/tools/bin/../lib/gcc/arm-none-eabi/10.3.1/../../../../arm-none-eabi/lib/thumb/v7-m/nofp\libstdc++_nano.a(del_op.o)
                0x0000000008005b5e                operator delete(void*)
 *fill*         0x0000000008005b62        0x2 
 .text._ZSt15get_new_handlerv
                0x0000000008005b64       0x10 c:/st/stm32cubeide_1.10.1/stm32cubeide/plugins/com.st.stm32cube.ide.mcu.externaltools.gnu-tools-for-stm32.10.3-2021.10.win32_1.0.0.202111181127/tools/bin/../lib/gcc/arm-none-eabi/10.3.1/../../../../arm-none-eabi/lib/thumb/v7-m/nofp\libstdc++_nano.a(new_handler.o)
                0x0000000008005b64                std::get_new_handler()
 *fill*         0x0000000008005b74        0x4 
 .text.atan     0x0000000008005b78      0x314 c:/st/stm32cubeide_1.10.1/stm32cubeide/plugins/com.st.stm32cube.ide.mcu.externaltools.gnu-tools-for-stm32.10.3-2021.10.win32_1.0.0.202111181127/tools/bin/../lib/gcc/arm-none-eabi/10.3.1/../../../../arm-none-eabi/lib/thumb/v7-m/nofp\libm.a(lib_a-s_atan.o)
                0x0000000008005b78                atan
 .text.fabs     0x0000000008005e8c        0x6 c:/st/stm32cubeide_1.10.1/stm32cubeide/plugins/com.st.stm32cube.ide.mcu.externaltools.gnu-tools-for-stm32.10.3-2021.10.win32_1.0.0.202111181127/tools/bin/../lib/gcc/arm-none-eabi/10.3.1/../../../../arm-none-eabi/lib/thumb/v7-m/nofp\libm.a(lib_a-s_fabs.o)
                0x0000000008005e8c                fabs
 .text.abort    0x0000000008005e92        0xe c:/st/stm32cubeide_1.10.1/stm32cubeide/plugins/com.st.stm32cube.ide.mcu.externaltools.gnu-tools-for-stm32.10.3-2021.10.win32_1.0.0.202111181127/tools/bin/../lib/gcc/arm-none-eabi/10.3.1/../../../../arm-none-eabi/lib/thumb/v7-m/nofp\libc_nano.a(lib_a-abort.o)
                0x0000000008005e92                abort
 .text.__errno  0x0000000008005ea0        0xc c:/st/stm32cubeide_1.10.1/stm32cubeide/plugins/com.st.stm32cube.ide.mcu.externaltools.gnu-tools-for-stm32.10.3-2021.10.win32_1.0.0.202111181127/tools/bin/../lib/gcc/arm-none-eabi/10.3.1/../../../../arm-none-eabi/lib/thumb/v7-m/nofp\libc_nano.a(lib_a-errno.o)
                0x0000000008005ea0                __errno
 .text.__libc_init_array
                0x0000000008005eac       0x48 c:/st/stm32cubeide_1.10.1/stm32cubeide/plugins/com.st.stm32cube.ide.mcu.externaltools.gnu-tools-for-stm32.10.3-2021.10.win32_1.0.0.202111181127/tools/bin/../lib/gcc/arm-none-eabi/10.3.1/../../../../arm-none-eabi/lib/thumb/v7-m/nofp\libc_nano.a(lib_a-init.o)
                0x0000000008005eac                __libc_init_array
 .text.malloc   0x0000000008005ef4       0x10 c:/st/stm32cubeide_1.10.1/stm32cubeide/plugins/com.st.stm32cube.ide.mcu.externaltools.gnu-tools-for-stm32.10.3-2021.10.win32_1.0.0.202111181127/tools/bin/../lib/gcc/arm-none-eabi/10.3.1/../../../../arm-none-eabi/lib/thumb/v7-m/nofp\libc_nano.a(lib_a-malloc.o)
                0x0000000008005ef4                malloc
 .text.free     0x0000000008005f04       0x10 c:/st/stm32cubeide_1.10.1/stm32cubeide/plugins/com.st.stm32cube.ide.mcu.externaltools.gnu-tools-for-stm32.10.3-2021.10.win32_1.0.0.202111181127/tools/bin/../lib/gcc/arm-none-eabi/10.3.1/../../../../arm-none-eabi/lib/thumb/v7-m/nofp\libc_nano.a(lib_a-malloc.o)
                0x0000000008005f04                free
 .text.memmove  0x0000000008005f14       0x34 c:/st/stm32cubeide_1.10.1/stm32cubeide/plugins/com.st.stm32cube.ide.mcu.externaltools.gnu-tools-for-stm32.10.3-2021.10.win32_1.0.0.202111181127/tools/bin/../lib/gcc/arm-none-eabi/10.3.1/../../../../arm-none-eabi/lib/thumb/v7-m/nofp\libc_nano.a(lib_a-memmove.o)
                0x0000000008005f14                memmove
 .text.memset   0x0000000008005f48       0x10 c:/st/stm32cubeide_1.10.1/stm32cubeide/plugins/com.st.stm32cube.ide.mcu.externaltools.gnu-tools-for-stm32.10.3-2021.10.win32_1.0.0.202111181127/tools/bin/../lib/gcc/arm-none-eabi/10.3.1/../../../../arm-none-eabi/lib/thumb/v7-m/nofp\libc_nano.a(lib_a-memset.o)
                0x0000000008005f48                memset
 .text._free_r  0x0000000008005f58       0x90 c:/st/stm32cubeide_1.10.1/stm32cubeide/plugins/com.st.stm32cube.ide.mcu.externaltools.gnu-tools-for-stm32.10.3-2021.10.win32_1.0.0.202111181127/tools/bin/../lib/gcc/arm-none-eabi/10.3.1/../../../../arm-none-eabi/lib/thumb/v7-m/nofp\libc_nano.a(lib_a-nano-freer.o)
                0x0000000008005f58                _free_r
 .text.sbrk_aligned
                0x0000000008005fe8       0x40 c:/st/stm32cubeide_1.10.1/stm32cubeide/plugins/com.st.stm32cube.ide.mcu.externaltools.gnu-tools-for-stm32.10.3-2021.10.win32_1.0.0.202111181127/tools/bin/../lib/gcc/arm-none-eabi/10.3.1/../../../../arm-none-eabi/lib/thumb/v7-m/nofp\libc_nano.a(lib_a-nano-mallocr.o)
 .text._malloc_r
                0x0000000008006028       0xe8 c:/st/stm32cubeide_1.10.1/stm32cubeide/plugins/com.st.stm32cube.ide.mcu.externaltools.gnu-tools-for-stm32.10.3-2021.10.win32_1.0.0.202111181127/tools/bin/../lib/gcc/arm-none-eabi/10.3.1/../../../../arm-none-eabi/lib/thumb/v7-m/nofp\libc_nano.a(lib_a-nano-mallocr.o)
                0x0000000008006028                _malloc_r
 .text._sbrk_r  0x0000000008006110       0x20 c:/st/stm32cubeide_1.10.1/stm32cubeide/plugins/com.st.stm32cube.ide.mcu.externaltools.gnu-tools-for-stm32.10.3-2021.10.win32_1.0.0.202111181127/tools/bin/../lib/gcc/arm-none-eabi/10.3.1/../../../../arm-none-eabi/lib/thumb/v7-m/nofp\libc_nano.a(lib_a-sbrkr.o)
                0x0000000008006110                _sbrk_r
 .text._raise_r
                0x0000000008006130       0x50 c:/st/stm32cubeide_1.10.1/stm32cubeide/plugins/com.st.stm32cube.ide.mcu.externaltools.gnu-tools-for-stm32.10.3-2021.10.win32_1.0.0.202111181127/tools/bin/../lib/gcc/arm-none-eabi/10.3.1/../../../../arm-none-eabi/lib/thumb/v7-m/nofp\libc_nano.a(lib_a-signal.o)
                0x0000000008006130                _raise_r
 .text.raise    0x0000000008006180       0x10 c:/st/stm32cubeide_1.10.1/stm32cubeide/plugins/com.st.stm32cube.ide.mcu.externaltools.gnu-tools-for-stm32.10.3-2021.10.win32_1.0.0.202111181127/tools/bin/../lib/gcc/arm-none-eabi/10.3.1/../../../../arm-none-eabi/lib/thumb/v7-m/nofp\libc_nano.a(lib_a-signal.o)
                0x0000000008006180                raise
 .text._kill_r  0x0000000008006190       0x24 c:/st/stm32cubeide_1.10.1/stm32cubeide/plugins/com.st.stm32cube.ide.mcu.externaltools.gnu-tools-for-stm32.10.3-2021.10.win32_1.0.0.202111181127/tools/bin/../lib/gcc/arm-none-eabi/10.3.1/../../../../arm-none-eabi/lib/thumb/v7-m/nofp\libc_nano.a(lib_a-signalr.o)
                0x0000000008006190                _kill_r
 .text._getpid_r
                0x00000000080061b4        0x4 c:/st/stm32cubeide_1.10.1/stm32cubeide/plugins/com.st.stm32cube.ide.mcu.externaltools.gnu-tools-for-stm32.10.3-2021.10.win32_1.0.0.202111181127/tools/bin/../lib/gcc/arm-none-eabi/10.3.1/../../../../arm-none-eabi/lib/thumb/v7-m/nofp\libc_nano.a(lib_a-signalr.o)
                0x00000000080061b4                _getpid_r
 .text.__malloc_lock
                0x00000000080061b8        0xc c:/st/stm32cubeide_1.10.1/stm32cubeide/plugins/com.st.stm32cube.ide.mcu.externaltools.gnu-tools-for-stm32.10.3-2021.10.win32_1.0.0.202111181127/tools/bin/../lib/gcc/arm-none-eabi/10.3.1/../../../../arm-none-eabi/lib/thumb/v7-m/nofp\libc_nano.a(lib_a-mlock.o)
                0x00000000080061b8                __malloc_lock
 .text.__malloc_unlock
                0x00000000080061c4        0xc c:/st/stm32cubeide_1.10.1/stm32cubeide/plugins/com.st.stm32cube.ide.mcu.externaltools.gnu-tools-for-stm32.10.3-2021.10.win32_1.0.0.202111181127/tools/bin/../lib/gcc/arm-none-eabi/10.3.1/../../../../arm-none-eabi/lib/thumb/v7-m/nofp\libc_nano.a(lib_a-mlock.o)
                0x00000000080061c4                __malloc_unlock
 .text.__retarget_lock_acquire_recursive
                0x00000000080061d0        0x2 c:/st/stm32cubeide_1.10.1/stm32cubeide/plugins/com.st.stm32cube.ide.mcu.externaltools.gnu-tools-for-stm32.10.3-2021.10.win32_1.0.0.202111181127/tools/bin/../lib/gcc/arm-none-eabi/10.3.1/../../../../arm-none-eabi/lib/thumb/v7-m/nofp\libc_nano.a(lib_a-lock.o)
                0x00000000080061d0                __retarget_lock_acquire_recursive
 .text.__retarget_lock_release_recursive
                0x00000000080061d2        0x2 c:/st/stm32cubeide_1.10.1/stm32cubeide/plugins/com.st.stm32cube.ide.mcu.externaltools.gnu-tools-for-stm32.10.3-2021.10.win32_1.0.0.202111181127/tools/bin/../lib/gcc/arm-none-eabi/10.3.1/../../../../arm-none-eabi/lib/thumb/v7-m/nofp\libc_nano.a(lib_a-lock.o)
                0x00000000080061d2                __retarget_lock_release_recursive
 *(.glue_7)
 .glue_7        0x00000000080061d4        0x0 linker stubs
 *(.glue_7t)
 .glue_7t       0x00000000080061d4        0x0 linker stubs
 *(.eh_frame)
 .eh_frame      0x00000000080061d4        0x0 c:/st/stm32cubeide_1.10.1/stm32cubeide/plugins/com.st.stm32cube.ide.mcu.externaltools.gnu-tools-for-stm32.10.3-2021.10.win32_1.0.0.202111181127/tools/bin/../lib/gcc/arm-none-eabi/10.3.1/thumb/v7-m/nofp/crtbegin.o
 *(.init)
 .init          0x00000000080061d4        0x4 c:/st/stm32cubeide_1.10.1/stm32cubeide/plugins/com.st.stm32cube.ide.mcu.externaltools.gnu-tools-for-stm32.10.3-2021.10.win32_1.0.0.202111181127/tools/bin/../lib/gcc/arm-none-eabi/10.3.1/thumb/v7-m/nofp/crti.o
                0x00000000080061d4                _init
 .init          0x00000000080061d8        0x8 c:/st/stm32cubeide_1.10.1/stm32cubeide/plugins/com.st.stm32cube.ide.mcu.externaltools.gnu-tools-for-stm32.10.3-2021.10.win32_1.0.0.202111181127/tools/bin/../lib/gcc/arm-none-eabi/10.3.1/thumb/v7-m/nofp/crtn.o
 *(.fini)
 .fini          0x00000000080061e0        0x4 c:/st/stm32cubeide_1.10.1/stm32cubeide/plugins/com.st.stm32cube.ide.mcu.externaltools.gnu-tools-for-stm32.10.3-2021.10.win32_1.0.0.202111181127/tools/bin/../lib/gcc/arm-none-eabi/10.3.1/thumb/v7-m/nofp/crti.o
                0x00000000080061e0                _fini
 .fini          0x00000000080061e4        0x8 c:/st/stm32cubeide_1.10.1/stm32cubeide/plugins/com.st.stm32cube.ide.mcu.externaltools.gnu-tools-for-stm32.10.3-2021.10.win32_1.0.0.202111181127/tools/bin/../lib/gcc/arm-none-eabi/10.3.1/thumb/v7-m/nofp/crtn.o
                0x00000000080061ec                . = ALIGN (0x4)
                0x00000000080061ec                _etext = .

.vfp11_veneer   0x00000000080061ec        0x0
 .vfp11_veneer  0x00000000080061ec        0x0 linker stubs

.v4_bx          0x00000000080061ec        0x0
 .v4_bx         0x00000000080061ec        0x0 linker stubs

.iplt           0x00000000080061ec        0x0
 .iplt          0x00000000080061ec        0x0 c:/st/stm32cubeide_1.10.1/stm32cubeide/plugins/com.st.stm32cube.ide.mcu.externaltools.gnu-tools-for-stm32.10.3-2021.10.win32_1.0.0.202111181127/tools/bin/../lib/gcc/arm-none-eabi/10.3.1/thumb/v7-m/nofp/crtbegin.o

.rodata         0x00000000080061f0       0x98
                0x00000000080061f0                . = ALIGN (0x4)
 *(.rodata)
 .rodata        0x00000000080061f0       0x30 ./ControlSystem/Src/controlSystem.o
 .rodata        0x0000000008006220       0x10 ./Drivers/STM32F1xx_HAL_Driver/Src/stm32f1xx_hal_rcc.o
 *(.rodata*)
 .rodata.AHBPrescTable
                0x0000000008006230       0x10 ./Core/Src/system_stm32f1xx.o
                0x0000000008006230                AHBPrescTable
 .rodata.APBPrescTable
                0x0000000008006240        0x8 ./Core/Src/system_stm32f1xx.o
                0x0000000008006240                APBPrescTable
 .rodata.atanhi
                0x0000000008006248       0x20 c:/st/stm32cubeide_1.10.1/stm32cubeide/plugins/com.st.stm32cube.ide.mcu.externaltools.gnu-tools-for-stm32.10.3-2021.10.win32_1.0.0.202111181127/tools/bin/../lib/gcc/arm-none-eabi/10.3.1/../../../../arm-none-eabi/lib/thumb/v7-m/nofp\libm.a(lib_a-s_atan.o)
 .rodata.atanlo
                0x0000000008006268       0x20 c:/st/stm32cubeide_1.10.1/stm32cubeide/plugins/com.st.stm32cube.ide.mcu.externaltools.gnu-tools-for-stm32.10.3-2021.10.win32_1.0.0.202111181127/tools/bin/../lib/gcc/arm-none-eabi/10.3.1/../../../../arm-none-eabi/lib/thumb/v7-m/nofp\libm.a(lib_a-s_atan.o)
                0x0000000008006288                . = ALIGN (0x4)

.rel.dyn        0x0000000008006288        0x0
 .rel.iplt      0x0000000008006288        0x0 c:/st/stm32cubeide_1.10.1/stm32cubeide/plugins/com.st.stm32cube.ide.mcu.externaltools.gnu-tools-for-stm32.10.3-2021.10.win32_1.0.0.202111181127/tools/bin/../lib/gcc/arm-none-eabi/10.3.1/thumb/v7-m/nofp/crtbegin.o

.ARM.extab      0x0000000008006288        0x0
                0x0000000008006288                . = ALIGN (0x4)
 *(.ARM.extab* .gnu.linkonce.armextab.*)
                0x0000000008006288                . = ALIGN (0x4)

.ARM            0x0000000008006288        0x0
                0x0000000008006288                . = ALIGN (0x4)
                0x0000000008006288                __exidx_start = .
 *(.ARM.exidx*)
                0x0000000008006288                __exidx_end = .
                0x0000000008006288                . = ALIGN (0x4)

.preinit_array  0x0000000008006288        0x0
                0x0000000008006288                . = ALIGN (0x4)
                0x0000000008006288                PROVIDE (__preinit_array_start = .)
 *(.preinit_array*)
                0x0000000008006288                PROVIDE (__preinit_array_end = .)
                0x0000000008006288                . = ALIGN (0x4)

.init_array     0x0000000008006288        0x8
                0x0000000008006288                . = ALIGN (0x4)
                0x0000000008006288                PROVIDE (__init_array_start = .)
 *(SORT_BY_NAME(.init_array.*))
 *(.init_array*)
 .init_array    0x0000000008006288        0x4 c:/st/stm32cubeide_1.10.1/stm32cubeide/plugins/com.st.stm32cube.ide.mcu.externaltools.gnu-tools-for-stm32.10.3-2021.10.win32_1.0.0.202111181127/tools/bin/../lib/gcc/arm-none-eabi/10.3.1/thumb/v7-m/nofp/crtbegin.o
 .init_array    0x000000000800628c        0x4 ./ControlSystem/Src/controlSystem.o
                0x0000000008006290                PROVIDE (__init_array_end = .)
                0x0000000008006290                . = ALIGN (0x4)

.fini_array     0x0000000008006290        0x8
                0x0000000008006290                . = ALIGN (0x4)
                [!provide]                        PROVIDE (__fini_array_start = .)
 *(SORT_BY_NAME(.fini_array.*))
 *(.fini_array*)
 .fini_array    0x0000000008006290        0x4 c:/st/stm32cubeide_1.10.1/stm32cubeide/plugins/com.st.stm32cube.ide.mcu.externaltools.gnu-tools-for-stm32.10.3-2021.10.win32_1.0.0.202111181127/tools/bin/../lib/gcc/arm-none-eabi/10.3.1/thumb/v7-m/nofp/crtbegin.o
 .fini_array    0x0000000008006294        0x4 ./ControlSystem/Src/controlSystem.o
                [!provide]                        PROVIDE (__fini_array_end = .)
                0x0000000008006298                . = ALIGN (0x4)
                0x0000000008006298                _sidata = LOADADDR (.data)

.data           0x0000000020000000       0x70 load address 0x0000000008006298
                0x0000000020000000                . = ALIGN (0x4)
                0x0000000020000000                _sdata = .
 *(.data)
 *(.data*)
 .data.SystemCoreClock
                0x0000000020000000        0x4 ./Core/Src/system_stm32f1xx.o
                0x0000000020000000                SystemCoreClock
 .data.uwTickPrio
                0x0000000020000004        0x4 ./Drivers/STM32F1xx_HAL_Driver/Src/stm32f1xx_hal.o
                0x0000000020000004                uwTickPrio
 .data.uwTickFreq
                0x0000000020000008        0x1 ./Drivers/STM32F1xx_HAL_Driver/Src/stm32f1xx_hal.o
                0x0000000020000008                uwTickFreq
 *fill*         0x0000000020000009        0x3 
 .data._impure_ptr
                0x000000002000000c        0x4 c:/st/stm32cubeide_1.10.1/stm32cubeide/plugins/com.st.stm32cube.ide.mcu.externaltools.gnu-tools-for-stm32.10.3-2021.10.win32_1.0.0.202111181127/tools/bin/../lib/gcc/arm-none-eabi/10.3.1/../../../../arm-none-eabi/lib/thumb/v7-m/nofp\libc_nano.a(lib_a-impure.o)
                0x000000002000000c                _impure_ptr
 .data.impure_data
                0x0000000020000010       0x60 c:/st/stm32cubeide_1.10.1/stm32cubeide/plugins/com.st.stm32cube.ide.mcu.externaltools.gnu-tools-for-stm32.10.3-2021.10.win32_1.0.0.202111181127/tools/bin/../lib/gcc/arm-none-eabi/10.3.1/../../../../arm-none-eabi/lib/thumb/v7-m/nofp\libc_nano.a(lib_a-impure.o)
 *(.RamFunc)
 *(.RamFunc*)
                0x0000000020000070                . = ALIGN (0x4)
                0x0000000020000070                _edata = .

.igot.plt       0x0000000020000070        0x0 load address 0x0000000008006308
 .igot.plt      0x0000000020000070        0x0 c:/st/stm32cubeide_1.10.1/stm32cubeide/plugins/com.st.stm32cube.ide.mcu.externaltools.gnu-tools-for-stm32.10.3-2021.10.win32_1.0.0.202111181127/tools/bin/../lib/gcc/arm-none-eabi/10.3.1/thumb/v7-m/nofp/crtbegin.o
                0x0000000020000070                . = ALIGN (0x4)

.bss            0x0000000020000070      0x248 load address 0x0000000008006308
                0x0000000020000070                _sbss = .
                0x0000000020000070                __bss_start__ = _sbss
 *(.bss)
 .bss           0x0000000020000070       0x1c c:/st/stm32cubeide_1.10.1/stm32cubeide/plugins/com.st.stm32cube.ide.mcu.externaltools.gnu-tools-for-stm32.10.3-2021.10.win32_1.0.0.202111181127/tools/bin/../lib/gcc/arm-none-eabi/10.3.1/thumb/v7-m/nofp/crtbegin.o
 *(.bss*)
 *fill*         0x000000002000008c        0x4 
 .bss.ControlSystem
                0x0000000020000090       0x60 ./ControlSystem/Src/controlSystem.o
                0x0000000020000090                ControlSystem
 .bss.hadc2     0x00000000200000f0       0x30 ./Core/Src/main.o
                0x00000000200000f0                hadc2
 .bss.hspi1     0x0000000020000120       0x58 ./Core/Src/main.o
                0x0000000020000120                hspi1
 .bss.htim1     0x0000000020000178       0x48 ./Core/Src/main.o
                0x0000000020000178                htim1
 .bss.huart2    0x00000000200001c0       0x44 ./Core/Src/main.o
                0x00000000200001c0                huart2
 .bss.huart3    0x0000000020000204       0x44 ./Core/Src/main.o
                0x0000000020000204                huart3
 .bss.__sbrk_heap_end
                0x0000000020000248        0x4 ./Core/Src/sysmem.o
 .bss.uwTick    0x000000002000024c        0x4 ./Drivers/STM32F1xx_HAL_Driver/Src/stm32f1xx_hal.o
                0x000000002000024c                uwTick
 .bss.MC3479    0x0000000020000250       0x14 ./MC3479/Src/MC3479.o
                0x0000000020000250                MC3479
 .bss.MP6543H   0x0000000020000264       0x40 ./MP6543H/Src/MP6543H.o
                0x0000000020000264                MP6543H
 .bss._ZN12_GLOBAL__N_113__new_handlerE
                0x00000000200002a4        0x4 c:/st/stm32cubeide_1.10.1/stm32cubeide/plugins/com.st.stm32cube.ide.mcu.externaltools.gnu-tools-for-stm32.10.3-2021.10.win32_1.0.0.202111181127/tools/bin/../lib/gcc/arm-none-eabi/10.3.1/../../../../arm-none-eabi/lib/thumb/v7-m/nofp\libstdc++_nano.a(new_handler.o)
 .bss.__malloc_free_list
                0x00000000200002a8        0x4 c:/st/stm32cubeide_1.10.1/stm32cubeide/plugins/com.st.stm32cube.ide.mcu.externaltools.gnu-tools-for-stm32.10.3-2021.10.win32_1.0.0.202111181127/tools/bin/../lib/gcc/arm-none-eabi/10.3.1/../../../../arm-none-eabi/lib/thumb/v7-m/nofp\libc_nano.a(lib_a-nano-mallocr.o)
                0x00000000200002a8                __malloc_free_list
 .bss.__malloc_sbrk_start
                0x00000000200002ac        0x4 c:/st/stm32cubeide_1.10.1/stm32cubeide/plugins/com.st.stm32cube.ide.mcu.externaltools.gnu-tools-for-stm32.10.3-2021.10.win32_1.0.0.202111181127/tools/bin/../lib/gcc/arm-none-eabi/10.3.1/../../../../arm-none-eabi/lib/thumb/v7-m/nofp\libc_nano.a(lib_a-nano-mallocr.o)
                0x00000000200002ac                __malloc_sbrk_start
 .bss.errno     0x00000000200002b0        0x4 c:/st/stm32cubeide_1.10.1/stm32cubeide/plugins/com.st.stm32cube.ide.mcu.externaltools.gnu-tools-for-stm32.10.3-2021.10.win32_1.0.0.202111181127/tools/bin/../lib/gcc/arm-none-eabi/10.3.1/../../../../arm-none-eabi/lib/thumb/v7-m/nofp\libc_nano.a(lib_a-reent.o)
                0x00000000200002b0                errno
 .bss.__lock___malloc_recursive_mutex
                0x00000000200002b4        0x1 c:/st/stm32cubeide_1.10.1/stm32cubeide/plugins/com.st.stm32cube.ide.mcu.externaltools.gnu-tools-for-stm32.10.3-2021.10.win32_1.0.0.202111181127/tools/bin/../lib/gcc/arm-none-eabi/10.3.1/../../../../arm-none-eabi/lib/thumb/v7-m/nofp\libc_nano.a(lib_a-lock.o)
                0x00000000200002b4                __lock___malloc_recursive_mutex
 *(COMMON)
                0x00000000200002b8                . = ALIGN (0x4)
 *fill*         0x00000000200002b5        0x3 
                0x00000000200002b8                _ebss = .
                0x00000000200002b8                __bss_end__ = _ebss

._user_heap_stack
                0x00000000200002b8      0x600 load address 0x0000000008006308
                0x00000000200002b8                . = ALIGN (0x8)
                [!provide]                        PROVIDE (end = .)
                0x00000000200002b8                PROVIDE (_end = .)
                0x00000000200004b8                . = (. + _Min_Heap_Size)
 *fill*         0x00000000200002b8      0x200 
                0x00000000200008b8                . = (. + _Min_Stack_Size)
 *fill*         0x00000000200004b8      0x400 
                0x00000000200008b8                . = ALIGN (0x8)

/DISCARD/
 libc.a(*)
 libm.a(*)
 libgcc.a(*)

.ARM.attributes
                0x0000000000000000       0x29
 *(.ARM.attributes)
 .ARM.attributes
                0x0000000000000000       0x1d c:/st/stm32cubeide_1.10.1/stm32cubeide/plugins/com.st.stm32cube.ide.mcu.externaltools.gnu-tools-for-stm32.10.3-2021.10.win32_1.0.0.202111181127/tools/bin/../lib/gcc/arm-none-eabi/10.3.1/thumb/v7-m/nofp/crti.o
 .ARM.attributes
                0x000000000000001d       0x2d c:/st/stm32cubeide_1.10.1/stm32cubeide/plugins/com.st.stm32cube.ide.mcu.externaltools.gnu-tools-for-stm32.10.3-2021.10.win32_1.0.0.202111181127/tools/bin/../lib/gcc/arm-none-eabi/10.3.1/thumb/v7-m/nofp/crtbegin.o
 .ARM.attributes
                0x000000000000004a       0x2d ./ControlSystem/Src/controlSystem.o
 .ARM.attributes
                0x0000000000000077       0x2d ./Core/Src/main.o
 .ARM.attributes
                0x00000000000000a4       0x2d ./Core/Src/stm32f1xx_hal_msp.o
 .ARM.attributes
                0x00000000000000d1       0x2d ./Core/Src/stm32f1xx_it.o
 .ARM.attributes
                0x00000000000000fe       0x2d ./Core/Src/syscalls.o
 .ARM.attributes
                0x000000000000012b       0x2d ./Core/Src/sysmem.o
 .ARM.attributes
                0x0000000000000158       0x2d ./Core/Src/system_stm32f1xx.o
 .ARM.attributes
                0x0000000000000185       0x21 ./Core/Startup/startup_stm32f103c8tx.o
 .ARM.attributes
                0x00000000000001a6       0x2d ./Drivers/STM32F1xx_HAL_Driver/Src/stm32f1xx_hal.o
 .ARM.attributes
                0x00000000000001d3       0x2d ./Drivers/STM32F1xx_HAL_Driver/Src/stm32f1xx_hal_adc.o
 .ARM.attributes
                0x0000000000000200       0x2d ./Drivers/STM32F1xx_HAL_Driver/Src/stm32f1xx_hal_cortex.o
 .ARM.attributes
                0x000000000000022d       0x2d ./Drivers/STM32F1xx_HAL_Driver/Src/stm32f1xx_hal_gpio.o
 .ARM.attributes
                0x000000000000025a       0x2d ./Drivers/STM32F1xx_HAL_Driver/Src/stm32f1xx_hal_rcc.o
 .ARM.attributes
                0x0000000000000287       0x2d ./Drivers/STM32F1xx_HAL_Driver/Src/stm32f1xx_hal_rcc_ex.o
 .ARM.attributes
                0x00000000000002b4       0x2d ./Drivers/STM32F1xx_HAL_Driver/Src/stm32f1xx_hal_spi.o
 .ARM.attributes
                0x00000000000002e1       0x2d ./Drivers/STM32F1xx_HAL_Driver/Src/stm32f1xx_hal_tim.o
 .ARM.attributes
                0x000000000000030e       0x2d ./Drivers/STM32F1xx_HAL_Driver/Src/stm32f1xx_hal_tim_ex.o
 .ARM.attributes
                0x000000000000033b       0x2d ./Drivers/STM32F1xx_HAL_Driver/Src/stm32f1xx_hal_uart.o
 .ARM.attributes
                0x0000000000000368       0x2d ./MC3479/Src/MC3479.o
 .ARM.attributes
                0x0000000000000395       0x2d ./MP6543H/Src/MP6543H.o
 .ARM.attributes
                0x00000000000003c2       0x2d c:/st/stm32cubeide_1.10.1/stm32cubeide/plugins/com.st.stm32cube.ide.mcu.externaltools.gnu-tools-for-stm32.10.3-2021.10.win32_1.0.0.202111181127/tools/bin/../lib/gcc/arm-none-eabi/10.3.1/../../../../arm-none-eabi/lib/thumb/v7-m/nofp\libstdc++_nano.a(del_ops.o)
 .ARM.attributes
                0x00000000000003ef       0x2d c:/st/stm32cubeide_1.10.1/stm32cubeide/plugins/com.st.stm32cube.ide.mcu.externaltools.gnu-tools-for-stm32.10.3-2021.10.win32_1.0.0.202111181127/tools/bin/../lib/gcc/arm-none-eabi/10.3.1/../../../../arm-none-eabi/lib/thumb/v7-m/nofp\libstdc++_nano.a(new_op.o)
 .ARM.attributes
                0x000000000000041c       0x2d c:/st/stm32cubeide_1.10.1/stm32cubeide/plugins/com.st.stm32cube.ide.mcu.externaltools.gnu-tools-for-stm32.10.3-2021.10.win32_1.0.0.202111181127/tools/bin/../lib/gcc/arm-none-eabi/10.3.1/../../../../arm-none-eabi/lib/thumb/v7-m/nofp\libstdc++_nano.a(functexcept.o)
 .ARM.attributes
                0x0000000000000449       0x2d c:/st/stm32cubeide_1.10.1/stm32cubeide/plugins/com.st.stm32cube.ide.mcu.externaltools.gnu-tools-for-stm32.10.3-2021.10.win32_1.0.0.202111181127/tools/bin/../lib/gcc/arm-none-eabi/10.3.1/../../../../arm-none-eabi/lib/thumb/v7-m/nofp\libstdc++_nano.a(del_op.o)
 .ARM.attributes
                0x0000000000000476       0x2d c:/st/stm32cubeide_1.10.1/stm32cubeide/plugins/com.st.stm32cube.ide.mcu.externaltools.gnu-tools-for-stm32.10.3-2021.10.win32_1.0.0.202111181127/tools/bin/../lib/gcc/arm-none-eabi/10.3.1/../../../../arm-none-eabi/lib/thumb/v7-m/nofp\libstdc++_nano.a(new_handler.o)
 .ARM.attributes
                0x00000000000004a3       0x2d c:/st/stm32cubeide_1.10.1/stm32cubeide/plugins/com.st.stm32cube.ide.mcu.externaltools.gnu-tools-for-stm32.10.3-2021.10.win32_1.0.0.202111181127/tools/bin/../lib/gcc/arm-none-eabi/10.3.1/../../../../arm-none-eabi/lib/thumb/v7-m/nofp\libm.a(lib_a-s_atan.o)
 .ARM.attributes
                0x00000000000004d0       0x2d c:/st/stm32cubeide_1.10.1/stm32cubeide/plugins/com.st.stm32cube.ide.mcu.externaltools.gnu-tools-for-stm32.10.3-2021.10.win32_1.0.0.202111181127/tools/bin/../lib/gcc/arm-none-eabi/10.3.1/../../../../arm-none-eabi/lib/thumb/v7-m/nofp\libm.a(lib_a-s_fabs.o)
 .ARM.attributes
                0x00000000000004fd       0x2d c:/st/stm32cubeide_1.10.1/stm32cubeide/plugins/com.st.stm32cube.ide.mcu.externaltools.gnu-tools-for-stm32.10.3-2021.10.win32_1.0.0.202111181127/tools/bin/../lib/gcc/arm-none-eabi/10.3.1/../../../../arm-none-eabi/lib/thumb/v7-m/nofp\libc_nano.a(lib_a-abort.o)
 .ARM.attributes
                0x000000000000052a       0x2d c:/st/stm32cubeide_1.10.1/stm32cubeide/plugins/com.st.stm32cube.ide.mcu.externaltools.gnu-tools-for-stm32.10.3-2021.10.win32_1.0.0.202111181127/tools/bin/../lib/gcc/arm-none-eabi/10.3.1/../../../../arm-none-eabi/lib/thumb/v7-m/nofp\libc_nano.a(lib_a-errno.o)
 .ARM.attributes
                0x0000000000000557       0x2d c:/st/stm32cubeide_1.10.1/stm32cubeide/plugins/com.st.stm32cube.ide.mcu.externaltools.gnu-tools-for-stm32.10.3-2021.10.win32_1.0.0.202111181127/tools/bin/../lib/gcc/arm-none-eabi/10.3.1/../../../../arm-none-eabi/lib/thumb/v7-m/nofp\libc_nano.a(lib_a-impure.o)
 .ARM.attributes
                0x0000000000000584       0x2d c:/st/stm32cubeide_1.10.1/stm32cubeide/plugins/com.st.stm32cube.ide.mcu.externaltools.gnu-tools-for-stm32.10.3-2021.10.win32_1.0.0.202111181127/tools/bin/../lib/gcc/arm-none-eabi/10.3.1/../../../../arm-none-eabi/lib/thumb/v7-m/nofp\libc_nano.a(lib_a-init.o)
 .ARM.attributes
                0x00000000000005b1       0x2d c:/st/stm32cubeide_1.10.1/stm32cubeide/plugins/com.st.stm32cube.ide.mcu.externaltools.gnu-tools-for-stm32.10.3-2021.10.win32_1.0.0.202111181127/tools/bin/../lib/gcc/arm-none-eabi/10.3.1/../../../../arm-none-eabi/lib/thumb/v7-m/nofp\libc_nano.a(lib_a-malloc.o)
 .ARM.attributes
                0x00000000000005de       0x2d c:/st/stm32cubeide_1.10.1/stm32cubeide/plugins/com.st.stm32cube.ide.mcu.externaltools.gnu-tools-for-stm32.10.3-2021.10.win32_1.0.0.202111181127/tools/bin/../lib/gcc/arm-none-eabi/10.3.1/../../../../arm-none-eabi/lib/thumb/v7-m/nofp\libc_nano.a(lib_a-memmove.o)
 .ARM.attributes
                0x000000000000060b       0x2d c:/st/stm32cubeide_1.10.1/stm32cubeide/plugins/com.st.stm32cube.ide.mcu.externaltools.gnu-tools-for-stm32.10.3-2021.10.win32_1.0.0.202111181127/tools/bin/../lib/gcc/arm-none-eabi/10.3.1/../../../../arm-none-eabi/lib/thumb/v7-m/nofp\libc_nano.a(lib_a-memset.o)
 .ARM.attributes
                0x0000000000000638       0x2d c:/st/stm32cubeide_1.10.1/stm32cubeide/plugins/com.st.stm32cube.ide.mcu.externaltools.gnu-tools-for-stm32.10.3-2021.10.win32_1.0.0.202111181127/tools/bin/../lib/gcc/arm-none-eabi/10.3.1/../../../../arm-none-eabi/lib/thumb/v7-m/nofp\libc_nano.a(lib_a-nano-freer.o)
 .ARM.attributes
                0x0000000000000665       0x2d c:/st/stm32cubeide_1.10.1/stm32cubeide/plugins/com.st.stm32cube.ide.mcu.externaltools.gnu-tools-for-stm32.10.3-2021.10.win32_1.0.0.202111181127/tools/bin/../lib/gcc/arm-none-eabi/10.3.1/../../../../arm-none-eabi/lib/thumb/v7-m/nofp\libc_nano.a(lib_a-nano-mallocr.o)
 .ARM.attributes
                0x0000000000000692       0x2d c:/st/stm32cubeide_1.10.1/stm32cubeide/plugins/com.st.stm32cube.ide.mcu.externaltools.gnu-tools-for-stm32.10.3-2021.10.win32_1.0.0.202111181127/tools/bin/../lib/gcc/arm-none-eabi/10.3.1/../../../../arm-none-eabi/lib/thumb/v7-m/nofp\libc_nano.a(lib_a-sbrkr.o)
 .ARM.attributes
                0x00000000000006bf       0x2d c:/st/stm32cubeide_1.10.1/stm32cubeide/plugins/com.st.stm32cube.ide.mcu.externaltools.gnu-tools-for-stm32.10.3-2021.10.win32_1.0.0.202111181127/tools/bin/../lib/gcc/arm-none-eabi/10.3.1/../../../../arm-none-eabi/lib/thumb/v7-m/nofp\libc_nano.a(lib_a-signal.o)
 .ARM.attributes
                0x00000000000006ec       0x2d c:/st/stm32cubeide_1.10.1/stm32cubeide/plugins/com.st.stm32cube.ide.mcu.externaltools.gnu-tools-for-stm32.10.3-2021.10.win32_1.0.0.202111181127/tools/bin/../lib/gcc/arm-none-eabi/10.3.1/../../../../arm-none-eabi/lib/thumb/v7-m/nofp\libc_nano.a(lib_a-signalr.o)
 .ARM.attributes
                0x0000000000000719       0x2d c:/st/stm32cubeide_1.10.1/stm32cubeide/plugins/com.st.stm32cube.ide.mcu.externaltools.gnu-tools-for-stm32.10.3-2021.10.win32_1.0.0.202111181127/tools/bin/../lib/gcc/arm-none-eabi/10.3.1/../../../../arm-none-eabi/lib/thumb/v7-m/nofp\libc_nano.a(lib_a-mlock.o)
 .ARM.attributes
                0x0000000000000746       0x2d c:/st/stm32cubeide_1.10.1/stm32cubeide/plugins/com.st.stm32cube.ide.mcu.externaltools.gnu-tools-for-stm32.10.3-2021.10.win32_1.0.0.202111181127/tools/bin/../lib/gcc/arm-none-eabi/10.3.1/../../../../arm-none-eabi/lib/thumb/v7-m/nofp\libc_nano.a(lib_a-reent.o)
 .ARM.attributes
                0x0000000000000773       0x2d c:/st/stm32cubeide_1.10.1/stm32cubeide/plugins/com.st.stm32cube.ide.mcu.externaltools.gnu-tools-for-stm32.10.3-2021.10.win32_1.0.0.202111181127/tools/bin/../lib/gcc/arm-none-eabi/10.3.1/../../../../arm-none-eabi/lib/thumb/v7-m/nofp\libc_nano.a(lib_a-lock.o)
 .ARM.attributes
                0x00000000000007a0       0x1d c:/st/stm32cubeide_1.10.1/stm32cubeide/plugins/com.st.stm32cube.ide.mcu.externaltools.gnu-tools-for-stm32.10.3-2021.10.win32_1.0.0.202111181127/tools/bin/../lib/gcc/arm-none-eabi/10.3.1/thumb/v7-m/nofp\libgcc.a(_arm_addsubdf3.o)
 .ARM.attributes
                0x00000000000007bd       0x1d c:/st/stm32cubeide_1.10.1/stm32cubeide/plugins/com.st.stm32cube.ide.mcu.externaltools.gnu-tools-for-stm32.10.3-2021.10.win32_1.0.0.202111181127/tools/bin/../lib/gcc/arm-none-eabi/10.3.1/thumb/v7-m/nofp\libgcc.a(_arm_muldivdf3.o)
 .ARM.attributes
                0x00000000000007da       0x1d c:/st/stm32cubeide_1.10.1/stm32cubeide/plugins/com.st.stm32cube.ide.mcu.externaltools.gnu-tools-for-stm32.10.3-2021.10.win32_1.0.0.202111181127/tools/bin/../lib/gcc/arm-none-eabi/10.3.1/thumb/v7-m/nofp\libgcc.a(_arm_cmpdf2.o)
 .ARM.attributes
                0x00000000000007f7       0x1d c:/st/stm32cubeide_1.10.1/stm32cubeide/plugins/com.st.stm32cube.ide.mcu.externaltools.gnu-tools-for-stm32.10.3-2021.10.win32_1.0.0.202111181127/tools/bin/../lib/gcc/arm-none-eabi/10.3.1/thumb/v7-m/nofp\libgcc.a(_arm_fixdfsi.o)
 .ARM.attributes
                0x0000000000000814       0x1d c:/st/stm32cubeide_1.10.1/stm32cubeide/plugins/com.st.stm32cube.ide.mcu.externaltools.gnu-tools-for-stm32.10.3-2021.10.win32_1.0.0.202111181127/tools/bin/../lib/gcc/arm-none-eabi/10.3.1/thumb/v7-m/nofp/crtn.o
OUTPUT(Active Stabalizing Mug.elf elf32-littlearm)
LOAD linker stubs
LOAD c:/st/stm32cubeide_1.10.1/stm32cubeide/plugins/com.st.stm32cube.ide.mcu.externaltools.gnu-tools-for-stm32.10.3-2021.10.win32_1.0.0.202111181127/tools/bin/../lib/gcc/arm-none-eabi/10.3.1/../../../../arm-none-eabi/lib/thumb/v7-m/nofp\libc.a
LOAD c:/st/stm32cubeide_1.10.1/stm32cubeide/plugins/com.st.stm32cube.ide.mcu.externaltools.gnu-tools-for-stm32.10.3-2021.10.win32_1.0.0.202111181127/tools/bin/../lib/gcc/arm-none-eabi/10.3.1/../../../../arm-none-eabi/lib/thumb/v7-m/nofp\libm.a
LOAD c:/st/stm32cubeide_1.10.1/stm32cubeide/plugins/com.st.stm32cube.ide.mcu.externaltools.gnu-tools-for-stm32.10.3-2021.10.win32_1.0.0.202111181127/tools/bin/../lib/gcc/arm-none-eabi/10.3.1/thumb/v7-m/nofp\libgcc.a

.debug_info     0x0000000000000000    0x1918b
 .debug_info    0x0000000000000000     0x5c94 ./ControlSystem/Src/controlSystem.o
 .debug_info    0x0000000000005c94     0x5b80 ./Core/Src/main.o
 .debug_info    0x000000000000b814     0x127e ./Core/Src/stm32f1xx_hal_msp.o
 .debug_info    0x000000000000ca92      0x122 ./Core/Src/stm32f1xx_it.o
 .debug_info    0x000000000000cbb4      0x6e0 ./Core/Src/syscalls.o
 .debug_info    0x000000000000d294      0x171 ./Core/Src/sysmem.o
 .debug_info    0x000000000000d405      0x23d ./Core/Src/system_stm32f1xx.o
 .debug_info    0x000000000000d642       0x22 ./Core/Startup/startup_stm32f103c8tx.o
 .debug_info    0x000000000000d664      0x734 ./Drivers/STM32F1xx_HAL_Driver/Src/stm32f1xx_hal.o
 .debug_info    0x000000000000dd98      0xcd9 ./Drivers/STM32F1xx_HAL_Driver/Src/stm32f1xx_hal_adc.o
 .debug_info    0x000000000000ea71      0xb20 ./Drivers/STM32F1xx_HAL_Driver/Src/stm32f1xx_hal_cortex.o
 .debug_info    0x000000000000f591      0x615 ./Drivers/STM32F1xx_HAL_Driver/Src/stm32f1xx_hal_gpio.o
 .debug_info    0x000000000000fba6      0x860 ./Drivers/STM32F1xx_HAL_Driver/Src/stm32f1xx_hal_rcc.o
 .debug_info    0x0000000000010406      0x3e0 ./Drivers/STM32F1xx_HAL_Driver/Src/stm32f1xx_hal_rcc_ex.o
 .debug_info    0x00000000000107e6     0x1658 ./Drivers/STM32F1xx_HAL_Driver/Src/stm32f1xx_hal_spi.o
 .debug_info    0x0000000000011e3e     0x29de ./Drivers/STM32F1xx_HAL_Driver/Src/stm32f1xx_hal_tim.o
 .debug_info    0x000000000001481c     0x1513 ./Drivers/STM32F1xx_HAL_Driver/Src/stm32f1xx_hal_tim_ex.o
 .debug_info    0x0000000000015d2f     0x15d8 ./Drivers/STM32F1xx_HAL_Driver/Src/stm32f1xx_hal_uart.o
 .debug_info    0x0000000000017307      0xe71 ./MC3479/Src/MC3479.o
 .debug_info    0x0000000000018178     0x1013 ./MP6543H/Src/MP6543H.o

.debug_abbrev   0x0000000000000000     0x3271
 .debug_abbrev  0x0000000000000000      0x8b3 ./ControlSystem/Src/controlSystem.o
 .debug_abbrev  0x00000000000008b3      0x7c4 ./Core/Src/main.o
 .debug_abbrev  0x0000000000001077      0x21d ./Core/Src/stm32f1xx_hal_msp.o
 .debug_abbrev  0x0000000000001294       0x74 ./Core/Src/stm32f1xx_it.o
 .debug_abbrev  0x0000000000001308      0x1b3 ./Core/Src/syscalls.o
 .debug_abbrev  0x00000000000014bb       0xbb ./Core/Src/sysmem.o
 .debug_abbrev  0x0000000000001576      0x13b ./Core/Src/system_stm32f1xx.o
 .debug_abbrev  0x00000000000016b1       0x12 ./Core/Startup/startup_stm32f103c8tx.o
 .debug_abbrev  0x00000000000016c3      0x1fb ./Drivers/STM32F1xx_HAL_Driver/Src/stm32f1xx_hal.o
 .debug_abbrev  0x00000000000018be      0x210 ./Drivers/STM32F1xx_HAL_Driver/Src/stm32f1xx_hal_adc.o
 .debug_abbrev  0x0000000000001ace      0x2ed ./Drivers/STM32F1xx_HAL_Driver/Src/stm32f1xx_hal_cortex.o
 .debug_abbrev  0x0000000000001dbb      0x1bb ./Drivers/STM32F1xx_HAL_Driver/Src/stm32f1xx_hal_gpio.o
 .debug_abbrev  0x0000000000001f76      0x2a8 ./Drivers/STM32F1xx_HAL_Driver/Src/stm32f1xx_hal_rcc.o
 .debug_abbrev  0x000000000000221e      0x182 ./Drivers/STM32F1xx_HAL_Driver/Src/stm32f1xx_hal_rcc_ex.o
 .debug_abbrev  0x00000000000023a0      0x26e ./Drivers/STM32F1xx_HAL_Driver/Src/stm32f1xx_hal_spi.o
 .debug_abbrev  0x000000000000260e      0x25d ./Drivers/STM32F1xx_HAL_Driver/Src/stm32f1xx_hal_tim.o
 .debug_abbrev  0x000000000000286b      0x265 ./Drivers/STM32F1xx_HAL_Driver/Src/stm32f1xx_hal_tim_ex.o
 .debug_abbrev  0x0000000000002ad0      0x278 ./Drivers/STM32F1xx_HAL_Driver/Src/stm32f1xx_hal_uart.o
 .debug_abbrev  0x0000000000002d48      0x2d4 ./MC3479/Src/MC3479.o
 .debug_abbrev  0x000000000000301c      0x255 ./MP6543H/Src/MP6543H.o

.debug_aranges  0x0000000000000000     0x1320
 .debug_aranges
                0x0000000000000000      0x2e0 ./ControlSystem/Src/controlSystem.o
 .debug_aranges
                0x00000000000002e0       0x68 ./Core/Src/main.o
 .debug_aranges
                0x0000000000000348       0x68 ./Core/Src/stm32f1xx_hal_msp.o
 .debug_aranges
                0x00000000000003b0       0x60 ./Core/Src/stm32f1xx_it.o
 .debug_aranges
                0x0000000000000410       0xa8 ./Core/Src/syscalls.o
 .debug_aranges
                0x00000000000004b8       0x20 ./Core/Src/sysmem.o
 .debug_aranges
                0x00000000000004d8       0x28 ./Core/Src/system_stm32f1xx.o
 .debug_aranges
                0x0000000000000500       0x28 ./Core/Startup/startup_stm32f103c8tx.o
 .debug_aranges
                0x0000000000000528       0xe0 ./Drivers/STM32F1xx_HAL_Driver/Src/stm32f1xx_hal.o
 .debug_aranges
                0x0000000000000608       0xf0 ./Drivers/STM32F1xx_HAL_Driver/Src/stm32f1xx_hal_adc.o
 .debug_aranges