14:00:39 **** Incremental Build of configuration Debug for project Actively Stabilized Mug ****
make -j12 all 
arm-none-eabi-g++ "../MC349/Src/MC3479.cpp" -mcpu=cortex-m4 -std=gnu++14 -g3 -DDEBUG -DUSE_HAL_DRIVER -DSTM32F302x8 -c -I../Core/Inc -I../Drivers/STM32F3xx_HAL_Driver/Inc/Legacy -I../Drivers/STM32F3xx_HAL_Driver/Inc -I../Drivers/CMSIS/Device/ST/STM32F3xx/Include -I../Drivers/CMSIS/Include -I"S:/Capstone/Firmware/Actively Stabilized Mug/MC349/Inc" -I"S:/Capstone/Firmware/Actively Stabilized Mug/MP6543A/Inc" -O0 -ffunction-sections -fdata-sections -fno-exceptions -fno-rtti -fno-use-cxa-atexit -Wall -fstack-usage -MMD -MP -MF"MC349/Src/MC3479.d" -MT"MC349/Src/MC3479.o" --specs=nano.specs -mfpu=fpv4-sp-d16 -mfloat-abi=hard -mthumb -o "MC349/Src/MC3479.o"
arm-none-eabi-gcc "../Core/Src/main.c" -mcpu=cortex-m4 -std=gnu11 -g3 -DDEBUG -DUSE_HAL_DRIVER -DSTM32F302x8 -c -I../Core/Inc -I../Drivers/STM32F3xx_HAL_Driver/Inc/Legacy -I../Drivers/STM32F3xx_HAL_Driver/Inc -I../Drivers/CMSIS/Device/ST/STM32F3xx/Include -I../Drivers/CMSIS/Include -O0 -ffunction-sections -fdata-sections -Wall -fstack-usage -MMD -MP -MF"Core/Src/main.d" -MT"Core/Src/main.o" --specs=nano.specs -mfpu=fpv4-sp-d16 -mfloat-abi=hard -mthumb -o "Core/Src/main.o"
arm-none-eabi-g++ -o "Actively Stabilized Mug.elf" @"objects.list"   -mcpu=cortex-m4 -T"S:\Capstone\Firmware\Actively Stabilized Mug\STM32F302C8TX_FLASH.ld" --specs=nosys.specs -Wl,-Map="Actively Stabilized Mug.map" -Wl,--gc-sections -static --specs=nano.specs -mfpu=fpv4-sp-d16 -mfloat-abi=hard -mthumb -Wl,--start-group -lc -lm -lstdc++ -lsupc++ -Wl,--end-group
Finished building target: Actively Stabilized Mug.elf
 
arm-none-eabi-size   Actively\ Stabilized\ Mug.elf 
arm-none-eabi-objdump -h -S  Actively\ Stabilized\ Mug.elf  > "Actively Stabilized Mug.list"
   text	   data	    bss	    dec	    hex	filename
  15800	     20	   2396	  18216	   4728	Actively Stabilized Mug.elf
Finished building: default.size.stdout
 
Finished building: Actively Stabilized Mug.list
 
